Archive member included to satisfy reference by file (symbol)

../../../../../../CEENBOT-items\libcapi324v22x.a(ADC_open.o)
                              main.o (ADC_open)
../../../../../../CEENBOT-items\libcapi324v22x.a(ADC_sample.o)
                              main.o (ADC_sample)
../../../../../../CEENBOT-items\libcapi324v22x.a(ADC_set_VREF.o)
                              main.o (ADC_set_VREF)
../../../../../../CEENBOT-items\libcapi324v22x.a(ADC_set_channel.o)
                              main.o (ADC_set_channel)
../../../../../../CEENBOT-items\libcapi324v22x.a(__ADC_init.o)
                              ../../../../../../CEENBOT-items\libcapi324v22x.a(ADC_open.o) (__ADC_init)
../../../../../../CEENBOT-items\libcapi324v22x.a(CBOT_main.o)
                              C:/Program Files (x86)/Atmel/Studio/7.0/Packs/atmel/ATmega_DFP/1.2.150/gcc/dev/atmega324p/avr5/crtatmega324p.o (main)
../../../../../../CEENBOT-items\libcapi324v22x.a(LCD_clear.o)
                              main.o (LCD_clear)
../../../../../../CEENBOT-items\libcapi324v22x.a(LCD_open.o)
                              main.o (LCD_open)
../../../../../../CEENBOT-items\libcapi324v22x.a(LCD_set_PGC_addr.o)
                              ../../../../../../CEENBOT-items\libcapi324v22x.a(LCD_clear.o) (LCD_set_PGC_addr)
../../../../../../CEENBOT-items\libcapi324v22x.a(LCD_set_RC.o)
                              main.o (LCD_set_RC)
../../../../../../CEENBOT-items\libcapi324v22x.a(LCD_set_backlight.o)
                              ../../../../../../CEENBOT-items\libcapi324v22x.a(LCD_open.o) (LCD_set_backlight)
../../../../../../CEENBOT-items\libcapi324v22x.a(LCD_set_next_PGC.o)
                              ../../../../../../CEENBOT-items\libcapi324v22x.a(LCD_clear.o) (LCD_set_next_PGC)
../../../../../../CEENBOT-items\libcapi324v22x.a(LCD_write.o)
                              ../../../../../../CEENBOT-items\libcapi324v22x.a(LCD_clear.o) (LCD_write)
../../../../../../CEENBOT-items\libcapi324v22x.a(__LCD_init.o)
                              ../../../../../../CEENBOT-items\libcapi324v22x.a(LCD_open.o) (__LCD_init)
../../../../../../CEENBOT-items\libcapi324v22x.a(LED_open.o)
                              main.o (LED_open)
../../../../../../CEENBOT-items\libcapi324v22x.a(LED_tog_pattern.o)
                              main.o (LED_tog_pattern)
../../../../../../CEENBOT-items\libcapi324v22x.a(__LED_init.o)
                              ../../../../../../CEENBOT-items\libcapi324v22x.a(LED_open.o) (__LED_init)
../../../../../../CEENBOT-items\libcapi324v22x.a(__LED_tog_pattern.o)
                              ../../../../../../CEENBOT-items\libcapi324v22x.a(LED_tog_pattern.o) (__LED_tog_pattern)
../../../../../../CEENBOT-items\libcapi324v22x.a(SPI_open.o)
                              ../../../../../../CEENBOT-items\libcapi324v22x.a(LCD_open.o) (SPI_open)
../../../../../../CEENBOT-items\libcapi324v22x.a(SPI_set_config_func.o)
                              ../../../../../../CEENBOT-items\libcapi324v22x.a(SPI_open.o) (SPI_set_config_func)
../../../../../../CEENBOT-items\libcapi324v22x.a(SPI_set_slave_addr.o)
                              ../../../../../../CEENBOT-items\libcapi324v22x.a(LCD_set_backlight.o) (SPI_set_slave_addr)
../../../../../../CEENBOT-items\libcapi324v22x.a(SPI_transmit.o)
                              ../../../../../../CEENBOT-items\libcapi324v22x.a(LCD_set_backlight.o) (SPI_transmit)
../../../../../../CEENBOT-items\libcapi324v22x.a(__SPI_init.o)
                              ../../../../../../CEENBOT-items\libcapi324v22x.a(SPI_open.o) (__SPI_init)
../../../../../../CEENBOT-items\libcapi324v22x.a(STEPPER_move.o)
                              main.o (STEPPER_move)
../../../../../../CEENBOT-items\libcapi324v22x.a(STEPPER_open.o)
                              main.o (STEPPER_open)
../../../../../../CEENBOT-items\libcapi324v22x.a(STEPPER_run.o)
                              ../../../../../../CEENBOT-items\libcapi324v22x.a(STEPPER_move.o) (STEPPER_run)
../../../../../../CEENBOT-items\libcapi324v22x.a(STEPPER_run2.o)
                              ../../../../../../CEENBOT-items\libcapi324v22x.a(STEPPER_move.o) (STEPPER_run2)
../../../../../../CEENBOT-items\libcapi324v22x.a(STEPPER_runn.o)
                              main.o (STEPPER_runn)
../../../../../../CEENBOT-items\libcapi324v22x.a(STEPPER_set_accel.o)
                              ../../../../../../CEENBOT-items\libcapi324v22x.a(STEPPER_move.o) (STEPPER_set_accel)
../../../../../../CEENBOT-items\libcapi324v22x.a(STEPPER_set_accel2.o)
                              main.o (STEPPER_set_accel2)
../../../../../../CEENBOT-items\libcapi324v22x.a(STEPPER_set_dir.o)
                              ../../../../../../CEENBOT-items\libcapi324v22x.a(STEPPER_run.o) (STEPPER_set_dir)
../../../../../../CEENBOT-items\libcapi324v22x.a(STEPPER_set_dir2.o)
                              ../../../../../../CEENBOT-items\libcapi324v22x.a(STEPPER_run2.o) (STEPPER_set_dir2)
[...]
Memory Configuration

Name             Origin             Length             Attributes
text             0x00000000         0x00020000         xr
data             0x00800060         0x0000ffa0         rw !x
eeprom           0x00810000         0x00010000         rw !x
fuse             0x00820000         0x00000003         rw !x
lock             0x00830000         0x00000400         rw !x
signature        0x00840000         0x00000400         rw !x
user_signatures  0x00850000         0x00000400         rw !x
*default*        0x00000000         0xffffffff

Linker script and memory map

Address of section .data set to 0x800100
LOAD C:/Program Files (x86)/Atmel/Studio/7.0/Packs/atmel/ATmega_DFP/1.2.150/gcc/dev/atmega324p/avr5/crtatmega324p.o
LOAD main.o
START GROUP
LOAD ../../../../../../CEENBOT-items\libcapi324v22x.a
LOAD c:/program files (x86)/atmel/studio/7.0/toolchain/avr8/avr8-gnu-toolchain/bin/../lib/gcc/avr/5.4.0/../../../../avr/lib/avr5\libprintf_flt.a
LOAD c:/program files (x86)/atmel/studio/7.0/toolchain/avr8/avr8-gnu-toolchain/bin/../lib/gcc/avr/5.4.0/../../../../avr/lib/avr5\libm.a
END GROUP
START GROUP
LOAD c:/program files (x86)/atmel/studio/7.0/toolchain/avr8/avr8-gnu-toolchain/bin/../lib/gcc/avr/5.4.0/avr5\libgcc.a
LOAD c:/program files (x86)/atmel/studio/7.0/toolchain/avr8/avr8-gnu-toolchain/bin/../lib/gcc/avr/5.4.0/../../../../avr/lib/avr5\libm.a
LOAD c:/program files (x86)/atmel/studio/7.0/toolchain/avr8/avr8-gnu-toolchain/bin/../lib/gcc/avr/5.4.0/../../../../avr/lib/avr5\libc.a
LOAD C:/Program Files (x86)/Atmel/Studio/7.0/Packs/atmel/ATmega_DFP/1.2.150/gcc/dev/atmega324p/avr5\libatmega324p.a
END GROUP
                0x00020000                __TEXT_REGION_LENGTH__ = DEFINED (__TEXT_REGION_LENGTH__)?__TEXT_REGION_LENGTH__:0x20000
                0x0000ffa0                __DATA_REGION_LENGTH__ = DEFINED (__DATA_REGION_LENGTH__)?__DATA_REGION_LENGTH__:0xffa0
                0x00010000                __EEPROM_REGION_LENGTH__ = DEFINED (__EEPROM_REGION_LENGTH__)?__EEPROM_REGION_LENGTH__:0x10000
                [0x00000003]                __FUSE_REGION_LENGTH__ = DEFINED (__FUSE_REGION_LENGTH__)?__FUSE_REGION_LENGTH__:0x400
                0x00000400                __LOCK_REGION_LENGTH__ = DEFINED (__LOCK_REGION_LENGTH__)?__LOCK_REGION_LENGTH__:0x400
                0x00000400                __SIGNATURE_REGION_LENGTH__ = DEFINED (__SIGNATURE_REGION_LENGTH__)?__SIGNATURE_REGION_LENGTH__:0x400
                0x00000400                __USER_SIGNATURE_REGION_LENGTH__ = DEFINED (__USER_SIGNATURE_REGION_LENGTH__)?__USER_SIGNATURE_REGION_LENGTH__:0x400

.hash
 *(.hash)

.dynsym
 *(.dynsym)

.dynstr
 *(.dynstr)

.gnu.version
 *(.gnu.version)

.gnu.version_d
 *(.gnu.version_d)

.gnu.version_r
 *(.gnu.version_r)

.rel.init
 *(.rel.init)

.rela.init
 *(.rela.init)

.rel.text
 *(.rel.text)
 *(.rel.text.*)
 *(.rel.gnu.linkonce.t*)

.rela.text
 *(.rela.text)
 *(.rela.text.*)
 *(.rela.gnu.linkonce.t*)

.rel.fini
 *(.rel.fini)

.rela.fini
 *(.rela.fini)

.rel.rodata
 *(.rel.rodata)
 *(.rel.rodata.*)
 *(.rel.gnu.linkonce.r*)

.rela.rodata
 *(.rela.rodata)
 *(.rela.rodata.*)
 *(.rela.gnu.linkonce.r*)

.rel.data
 *(.rel.data)
 *(.rel.data.*)
 *(.rel.gnu.linkonce.d*)

.rela.data
 *(.rela.data)
 *(.rela.data.*)
 *(.rela.gnu.linkonce.d*)

.rel.ctors
 *(.rel.ctors)

.rela.ctors
 *(.rela.ctors)

.rel.dtors
 *(.rel.dtors)

.rela.dtors
 *(.rela.dtors)

.rel.got
 *(.rel.got)

.rela.got
 *(.rela.got)

.rel.bss
 *(.rel.bss)

.rela.bss
 *(.rela.bss)

.rel.plt
 *(.rel.plt)

.rela.plt
 *(.rela.plt)

.text           0x00000000     0x4b96
 *(.vectors)
 .vectors       0x00000000       0x7c C:/Program Files (x86)/Atmel/Studio/7.0/Packs/atmel/ATmega_DFP/1.2.150/gcc/dev/atmega324p/avr5/crtatmega324p.o
                0x00000000                __vector_default
                0x00000000                __vectors
 *(.vectors)
 *(.progmem.gcc*)
 .progmem.gcc_fplib
                0x0000007c       0x28 c:/program files (x86)/atmel/studio/7.0/toolchain/avr8/avr8-gnu-toolchain/bin/../lib/gcc/avr/5.4.0/../../../../avr/lib/avr5\libm.a(exp.o)
 .progmem.gcc_fplib
                0x000000a4       0x5a c:/program files (x86)/atmel/studio/7.0/toolchain/avr8/avr8-gnu-toolchain/bin/../lib/gcc/avr/5.4.0/../../../../avr/lib/avr5\libm.a(log.o)
                0x000000fe                . = ALIGN (0x2)
                0x000000fe                __trampolines_start = .
 *(.trampolines)
 .trampolines   0x000000fe        0x0 linker stubs
 *(.trampolines*)
                0x000000fe                __trampolines_end = .
 *libprintf_flt.a:*(.progmem.data)
 .progmem.data  0x000000fe        0x8 c:/program files (x86)/atmel/studio/7.0/toolchain/avr8/avr8-gnu-toolchain/bin/../lib/gcc/avr/5.4.0/../../../../avr/lib/avr5\libprintf_flt.a(vfprintf_flt.o)
 *libc.a:*(.progmem.data)
 .progmem.data  0x00000106       0xfa c:/program files (x86)/atmel/studio/7.0/toolchain/avr8/avr8-gnu-toolchain/bin/../lib/gcc/avr/5.4.0/../../../../avr/lib/avr5\libc.a(ftoa_engine.o)
 *(.progmem*)
 .progmem.data  0x00000200      0x415 ../../../../../../CEENBOT-items\libcapi324v22x.a(LCD_globals.o)
                0x00000200                char_bitmap
                0x00000415                CEENBoT_Inc_logo_bitmap
                0x00000616                . = ALIGN (0x2)
 *fill*         0x00000615        0x1 
 *(.jumptables)
 *(.jumptables*)
 *(.lowtext)
 *(.lowtext*)
                0x00000616                __ctors_start = .
 *(.ctors)
                0x00000616                __ctors_end = .
                0x00000616                __dtors_start = .
 *(.dtors)
                0x00000616                __dtors_end = .
 SORT(*)(.ctors)
 SORT(*)(.dtors)
 *(.init0)
 .init0         0x00000616        0x0 C:/Program Files (x86)/Atmel/Studio/7.0/Packs/atmel/ATmega_DFP/1.2.150/gcc/dev/atmega324p/avr5/crtatmega324p.o
                0x00000616                __init
 *(.init0)
 *(.init1)
 *(.init1)
 *(.init2)
 .init2         0x00000616        0xc C:/Program Files (x86)/Atmel/Studio/7.0/Packs/atmel/ATmega_DFP/1.2.150/gcc/dev/atmega324p/avr5/crtatmega324p.o
 *(.init2)
 *(.init3)
 *(.init3)
 *(.init4)
 .init4         0x00000622       0x16 c:/program files (x86)/atmel/studio/7.0/toolchain/avr8/avr8-gnu-toolchain/bin/../lib/gcc/avr/5.4.0/avr5\libgcc.a(_copy_data.o)
                0x00000622                __do_copy_data
 .init4         0x00000638       0x10 c:/program files (x86)/atmel/studio/7.0/toolchain/avr8/avr8-gnu-toolchain/bin/../lib/gcc/avr/5.4.0/avr5\libgcc.a(_clear_bss.o)
                0x00000638                __do_clear_bss
 *(.init4)
 *(.init5)
 *(.init5)
 *(.init6)
 *(.init6)
 *(.init7)
 *(.init7)
 *(.init8)
 *(.init8)
 *(.init9)
 .init9         0x00000648        0x8 C:/Program Files (x86)/Atmel/Studio/7.0/Packs/atmel/ATmega_DFP/1.2.150/gcc/dev/atmega324p/avr5/crtatmega324p.o
 *(.init9)
 *(.text)
 .text          0x00000650        0x4 C:/Program Files (x86)/Atmel/Studio/7.0/Packs/atmel/ATmega_DFP/1.2.150/gcc/dev/atmega324p/avr5/crtatmega324p.o
                0x00000650                __vector_22
                0x00000650                __vector_28
                0x00000650                __vector_1
                0x00000650                __vector_24
                0x00000650                __bad_interrupt
                0x00000650                __vector_3
                0x00000650                __vector_23
                0x00000650                __vector_30
                0x00000650                __vector_25
                0x00000650                __vector_19
                0x00000650                __vector_27
                0x00000650                __vector_2
                0x00000650                __vector_21
                0x00000650                __vector_29
                0x00000650                __vector_8
                0x00000650                __vector_26
                0x00000650                __vector_20
 .text          0x00000654       0x16 ../../../../../../CEENBOT-items\libcapi324v22x.a(ADC_open.o)
                0x00000654                ADC_open
 .text          0x0000066a       0x3a ../../../../../../CEENBOT-items\libcapi324v22x.a(ADC_sample.o)
                0x0000066a                ADC_sample
 .text          0x000006a4       0x16 ../../../../../../CEENBOT-items\libcapi324v22x.a(ADC_set_VREF.o)
                0x000006a4                ADC_set_VREF
 .text          0x000006ba       0x6e ../../../../../../CEENBOT-items\libcapi324v22x.a(ADC_set_channel.o)
                0x000006ba                ADC_set_channel
 .text          0x00000728       0x16 ../../../../../../CEENBOT-items\libcapi324v22x.a(__ADC_init.o)
                0x00000728                __ADC_init
 .text          0x0000073e       0x12 ../../../../../../CEENBOT-items\libcapi324v22x.a(CBOT_main.o)
                0x0000073e                main
 .text          0x00000750       0x44 ../../../../../../CEENBOT-items\libcapi324v22x.a(LCD_clear.o)
                0x00000750                LCD_clear
 .text          0x00000794      0x10c ../../../../../../CEENBOT-items\libcapi324v22x.a(LCD_open.o)
                0x00000794                LCD_open
 .text          0x000008a0       0x44 ../../../../../../CEENBOT-items\libcapi324v22x.a(LCD_set_PGC_addr.o)
                0x000008a0                LCD_set_PGC_addr
 .text          0x000008e4       0x2e ../../../../../../CEENBOT-items\libcapi324v22x.a(LCD_set_RC.o)
                0x000008e4                LCD_set_RC
 .text          0x00000912       0x42 ../../../../../../CEENBOT-items\libcapi324v22x.a(LCD_set_backlight.o)
                0x00000912                LCD_set_backlight
 .text          0x00000954       0x24 ../../../../../../CEENBOT-items\libcapi324v22x.a(LCD_set_next_PGC.o)
                0x00000954                LCD_set_next_PGC
 .text          0x00000978       0x36 ../../../../../../CEENBOT-items\libcapi324v22x.a(LCD_write.o)
                0x00000978                LCD_write
 .text          0x000009ae        0x4 ../../../../../../CEENBOT-items\libcapi324v22x.a(__LCD_init.o)
                0x000009ae                __LCD_init
 .text          0x000009b2       0x16 ../../../../../../CEENBOT-items\libcapi324v22x.a(LED_open.o)
                0x000009b2                LED_open
 .text          0x000009c8       0x18 ../../../../../../CEENBOT-items\libcapi324v22x.a(LED_tog_pattern.o)
                0x000009c8                LED_tog_pattern
 .text          0x000009e0       0x12 ../../../../../../CEENBOT-items\libcapi324v22x.a(__LED_init.o)
                0x000009e0                __LED_init
 .text          0x000009f2       0x1c ../../../../../../CEENBOT-items\libcapi324v22x.a(__LED_tog_pattern.o)
                0x000009f2                __LED_tog_pattern
 .text          0x00000a0e       0x72 ../../../../../../CEENBOT-items\libcapi324v22x.a(SPI_open.o)
                0x00000a0e                SPI_open
 .text          0x00000a80       0x12 ../../../../../../CEENBOT-items\libcapi324v22x.a(SPI_set_config_func.o)
                0x00000a80                SPI_set_config_func
 .text          0x00000a92       0xa2 ../../../../../../CEENBOT-items\libcapi324v22x.a(SPI_set_slave_addr.o)
                0x00000a92                SPI_set_slave_addr
 .text          0x00000b34       0x1e ../../../../../../CEENBOT-items\libcapi324v22x.a(SPI_transmit.o)
                0x00000b34                SPI_transmit
 .text          0x00000b52        0xe ../../../../../../CEENBOT-items\libcapi324v22x.a(__SPI_init.o)
                0x00000b52                __SPI_init
 .text          0x00000b60      0x28e ../../../../../../CEENBOT-items\libcapi324v22x.a(STEPPER_move.o)
                0x00000cbc                STEPPER_move
 .text          0x00000dee       0xea ../../../../../../CEENBOT-items\libcapi324v22x.a(STEPPER_open.o)
                0x00000dee                STEPPER_open
 .text          0x00000ed8       0x2e ../../../../../../CEENBOT-items\libcapi324v22x.a(STEPPER_run.o)
                0x00000ed8                STEPPER_run
 .text          0x00000f06       0x3a ../../../../../../CEENBOT-items\libcapi324v22x.a(STEPPER_run2.o)
                0x00000f06                STEPPER_run2
 .text          0x00000f40       0x82 ../../../../../../CEENBOT-items\libcapi324v22x.a(STEPPER_runn.o)
                0x00000f40                STEPPER_runn
 .text          0x00000fc2       0x44 ../../../../../../CEENBOT-items\libcapi324v22x.a(STEPPER_set_accel.o)
                0x00000fc2                STEPPER_set_accel
 .text          0x00001006       0x3c ../../../../../../CEENBOT-items\libcapi324v22x.a(STEPPER_set_accel2.o)
                0x00001006                STEPPER_set_accel2
 .text          0x00001042       0x2a ../../../../../../CEENBOT-items\libcapi324v22x.a(STEPPER_set_dir.o)
                0x00001042                STEPPER_set_dir
 .text          0x0000106c       0x14 ../../../../../../CEENBOT-items\libcapi324v22x.a(STEPPER_set_dir2.o)
                0x0000106c                STEPPER_set_dir2
 .text          0x00001080       0x2a ../../../../../../CEENBOT-items\libcapi324v22x.a(STEPPER_set_mode.o)
                0x00001080                STEPPER_set_mode
 .text          0x000010aa       0x5a ../../../../../../CEENBOT-items\libcapi324v22x.a(STEPPER_set_speed.o)
                0x000010aa                STEPPER_set_speed
 .text          0x00001104       0x3e ../../../../../../CEENBOT-items\libcapi324v22x.a(STEPPER_set_speed2.o)
                0x00001104                STEPPER_set_speed2
 .text          0x00001142      0x126 ../../../../../../CEENBOT-items\libcapi324v22x.a(STEPPER_step.o)
                0x00001142                STEPPER_step
 .text          0x00001268      0x10a ../../../../../../CEENBOT-items\libcapi324v22x.a(STEPPER_step2.o)
                0x00001268                STEPPER_step2
 .text          0x00001372       0x4a ../../../../../../CEENBOT-items\libcapi324v22x.a(STEPPER_stop.o)
                0x00001372                STEPPER_stop
 .text          0x000013bc       0xa6 ../../../../../../CEENBOT-items\libcapi324v22x.a(STEPPER_wait_and_then.o)
                0x000013bc                STEPPER_wait_and_then
 .text          0x00001462       0x14 ../../../../../../CEENBOT-items\libcapi324v22x.a(__STEPPER_init.o)
                0x00001462                __STEPPER_init
 .text          0x00001476       0x20 ../../../../../../CEENBOT-items\libcapi324v22x.a(SYS_decrement_refcount.o)
                0x00001476                SYS_decrement_refcount
 .text          0x00001496       0x1a ../../../../../../CEENBOT-items\libcapi324v22x.a(SYS_increment_refcount.o)
                0x00001496                SYS_increment_refcount
 .text          0x000014b0       0x18 ../../../../../../CEENBOT-items\libcapi324v22x.a(SYS_isOpen.o)
                0x000014b0                SYS_isOpen
 .text          0x000014c8       0x6a ../../../../../../CEENBOT-items\libcapi324v22x.a(ATTINY_get_IR_state.o)
                0x000014c8                ATTINY_get_IR_state
 .text          0x00001532       0x62 ../../../../../../CEENBOT-items\libcapi324v22x.a(ATTINY_get_sensors.o)
                0x00001532                ATTINY_get_sensors
 .text          0x00001594       0x48 ../../../../../../CEENBOT-items\libcapi324v22x.a(ATTINY_open.o)
                0x00001594                ATTINY_open
 .text          0x000015dc       0x82 ../../../../../../CEENBOT-items\libcapi324v22x.a(__ATTINY_initialize_params.o)
                0x000015dc                __ATTINY_initialize_params
 .text          0x0000165e       0x5a ../../../../../../CEENBOT-items\libcapi324v22x.a(TMRSRVC_delay.o)
                0x0000165e                TMRSRVC_delay
 .text          0x000016b8       0x7c ../../../../../../CEENBOT-items\libcapi324v22x.a(TMRSRVC_new.o)
                0x000016b8                TMRSRVC_new
 .text          0x00001734       0xd2 ../../../../../../CEENBOT-items\libcapi324v22x.a(__TMRSRVC_insert.o)
                0x00001734                TMRSRVC_insert
 .text          0x00001806       0x1c ../../../../../../CEENBOT-items\libcapi324v22x.a(CBOT_init.o)
                0x00001806                CBOT_init
 .text          0x00001822      0x480 ../../../../../../CEENBOT-items\libcapi324v22x.a(CBOT_isr.o)
                0x00001822                CBOT_ISR_init
                0x00001826                __vector_16
                0x00001878                __vector_17
                0x000018ca                __vector_18
                0x0000191c                __vector_9
                0x0000196e                __vector_10
                0x000019c0                __vector_11
                0x00001a12                __vector_13
                0x00001a64                __vector_14
                0x00001ab6                __vector_12
                0x00001b08                __vector_15
                0x00001b5a                __vector_4
                0x00001bac                __vector_5
                0x00001bfe                __vector_6
                0x00001c50                __vector_7
 .text          0x00001ca2       0x22 ../../../../../../CEENBOT-items\libcapi324v22x.a(ISR_open.o)
                0x00001ca2                ISR_open
 .text          0x00001cc4      0x15a ../../../../../../CEENBOT-items\libcapi324v22x.a(__LCD_putchar.o)
                0x00001cc4                __LCD_putchar
 .text          0x00001e1e       0x18 ../../../../../../CEENBOT-items\libcapi324v22x.a(LED_clr_pattern.o)
                0x00001e1e                LED_clr_pattern
 .text          0x00001e36        0xa ../../../../../../CEENBOT-items\libcapi324v22x.a(__LED_clr_pattern.o)
                0x00001e36                __LED_clr_pattern
 .text          0x00001e40       0x10 ../../../../../../CEENBOT-items\libcapi324v22x.a(ATMEGA_open.o)
                0x00001e40                ATMEGA_open
 .text          0x00001e50       0xa6 ../../../../../../CEENBOT-items\libcapi324v22x.a(ATMEGA_set_clk_mode.o)
                0x00001e50                ATMEGA_set_clk_mode
 .text          0x00001ef6        0x6 ../../../../../../CEENBOT-items\libcapi324v22x.a(__ATMEGA_init.o)
                0x00001ef6                __ATMEGA_init
 .text          0x00001efc       0x52 ../../../../../../CEENBOT-items\libcapi324v22x.a(SPI_cfgrs.o)
                0x00001efc                SPI_default_config
                0x00001f0c                SPI_ATtiny0_config
                0x00001f1c                SPI_PSXC_config
                0x00001f2c                SPI_LCD_config
                0x00001f3c                SPI_FLASH_config
 .text          0x00001f4e       0x20 ../../../../../../CEENBOT-items\libcapi324v22x.a(SPI_receive.o)
                0x00001f4e                SPI_receive
 .text          0x00001f6e       0x64 ../../../../../../CEENBOT-items\libcapi324v22x.a(SPKR_close.o)
                0x00001f6e                __SPKR_close_beep_mode
                0x00001f84                __SPKR_close_tone_mode
                0x00001fbe                SPKR_close
 .text          0x00001fd2      0x136 ../../../../../../CEENBOT-items\libcapi324v22x.a(SPKR_open.o)
                0x00001fd2                __SPKR_set_up_freq_LUT
                0x00002070                __SPKR_open_beep_mode
                0x00002094                __SPKR_open_tone_mode
                0x000020f0                SPKR_open
 .text          0x00002108       0xac ../../../../../../CEENBOT-items\libcapi324v22x.a(SPKR_play_beep.o)
                0x00002108                SPKR_play_beep
 .text          0x000021b4       0x38 ../../../../../../CEENBOT-items\libcapi324v22x.a(__SPKR_close.o)
                0x000021b4                __SPKR_close
 .text          0x000021ec       0x54 ../../../../../../CEENBOT-items\libcapi324v22x.a(__SPKR_init.o)
                0x000021ec                __SPKR_init
 .text          0x00002240        0xc ../../../../../../CEENBOT-items\libcapi324v22x.a(__SPKR_stop.o)
                0x00002240                __SPKR_stop
 .text          0x0000224c       0x2a ../../../../../../CEENBOT-items\libcapi324v22x.a(STEPPER_go.o)
                0x0000224c                STEPPER_go
 .text          0x00002276       0x36 ../../../../../../CEENBOT-items\libcapi324v22x.a(STEPPER_set_steps.o)
                0x00002276                STEPPER_set_steps
 .text          0x000022ac       0x1a ../../../../../../CEENBOT-items\libcapi324v22x.a(STEPPER_set_steps2.o)
                0x000022ac                STEPPER_set_steps2
 .text          0x000022c6       0x2a ../../../../../../CEENBOT-items\libcapi324v22x.a(STEPPER_set_stop_mode.o)
                0x000022c6                STEPPER_set_stop_mode
 .text          0x000022f0       0x7a ../../../../../../CEENBOT-items\libcapi324v22x.a(STEPPER_setup_decels.o)
                0x000022f0                STEPPER_setup_decels
 .text          0x0000236a       0x1e ../../../../../../CEENBOT-items\libcapi324v22x.a(SYS_init.o)
                0x0000236a                SYS_init
 .text          0x00002388       0x10 ../../../../../../CEENBOT-items\libcapi324v22x.a(SYS_set_refcount.o)
                0x00002388                SYS_set_refcount
 .text          0x00002398       0x7a ../../../../../../CEENBOT-items\libcapi324v22x.a(ATTINY_get_firm_rev.o)
                0x00002398                ATTINY_get_firm_rev
 .text          0x00002412       0x38 ../../../../../../CEENBOT-items\libcapi324v22x.a(TMRSRVC_open.o)
                0x00002412                TMRSRVC_open
 .text          0x0000244a        0x8 ../../../../../../CEENBOT-items\libcapi324v22x.a(TMRSRVC_start.o)
                0x0000244a                TMRSRVC_start
 .text          0x00002452       0x12 ../../../../../../CEENBOT-items\libcapi324v22x.a(__TMRSRVC_init.o)
                0x00002452                __TMRSRVC_init
 .text          0x00002464        0xc ../../../../../../CEENBOT-items\libcapi324v22x.a(__TMRSRVC_start.o)
                0x00002464                __TMRSRVC_start
 .text          0x00002470       0x28 ../../../../../../CEENBOT-items\libcapi324v22x.a(ISR_attach.o)
                0x00002470                ISR_attach
 .text          0x00002498       0x22 ../../../../../../CEENBOT-items\libcapi324v22x.a(__ISR_attach.o)
                0x00002498                __ISR_attach
 .text          0x000024ba        0x6 ../../../../../../CEENBOT-items\libcapi324v22x.a(ISR__SPKR__TIMER1_COMPA_vect.o)
                0x000024ba                __SPKR_TIMER1_COMPA_vect
 .text          0x000024c0       0x48 ../../../../../../CEENBOT-items\libcapi324v22x.a(SPKR_beep.o)
                0x000024c0                SPKR_beep
 .text          0x00002508       0x82 ../../../../../../CEENBOT-items\libcapi324v22x.a(SPKR_clk.o)
                0x00002508                SPKR_clk
 .text          0x0000258a       0xda ../../../../../../CEENBOT-items\libcapi324v22x.a(STEPPER_set_decel_step_values.o)
                0x0000258a                STEPPER_set_decel_step_values
 .text          0x00002664        0xe ../../../../../../CEENBOT-items\libcapi324v22x.a(ISR__TIMER0_COMPA_vect.o)
                0x00002664                __TIMER0_COMPA_vect
 .text          0x00002672       0x32 ../../../../../../CEENBOT-items\libcapi324v22x.a(TMRSRVC_tick.o)
                0x00002672                TMRSRVC_tick
 .text          0x000026a4       0x4e ../../../../../../CEENBOT-items\libcapi324v22x.a(SPKR_beep_clk.o)
                0x000026a4                SPKR_beep_clk
 .text          0x000026f2      0x162 ../../../../../../CEENBOT-items\libcapi324v22x.a(STEPPER_clk.o)
                0x000026f2                STEPPER_clk
 .text          0x00002854       0x8a ../../../../../../CEENBOT-items\libcapi324v22x.a(STEPPER_process_accel.o)
                0x00002854                STEPPER_process_accel
 .text          0x000028de      0x206 ../../../../../../CEENBOT-items\libcapi324v22x.a(STEPPER_process_run_mode.o)
                0x000028de                STEPPER_process_run_mode
 .text          0x00002ae4       0xa8 ../../../../../../CEENBOT-items\libcapi324v22x.a(STEPPER_process_step_mode.o)
                0x00002ae4                STEPPER_process_step_mode
 .text          0x00002b8c       0xd6 ../../../../../../CEENBOT-items\libcapi324v22x.a(TMRSRVC_process.o)
                0x00002b8c                TMRSRVC_process
 .text          0x00002c62        0x6 ../../../../../../CEENBOT-items\libcapi324v22x.a(TMRSRVC_stop.o)
                0x00002c62                TMRSRVC_stop
 .text          0x00002c68      0x130 ../../../../../../CEENBOT-items\libcapi324v22x.a(STEPPER_process_pwm.o)
                0x00002c68                STEPPER_process_pwm
                0x00002d98                . = ALIGN (0x2)
 *(.text.*)
 .text.info_display
                0x00002d98       0xe0 main.o
                0x00002d98                info_display
 .text.compare_actions
                0x00002e78       0x5a main.o
                0x00002e78                compare_actions
 .text.IR_sense
                0x00002ed2       0x4c main.o
                0x00002ed2                IR_sense
 .text.photo_sense
                0x00002f1e       0xa4 main.o
                0x00002f1e                photo_sense
 .text.explore  0x00002fc2       0x20 main.o
                0x00002fc2                explore
 .text.light_follow
                0x00002fe2      0x132 main.o
                0x00002fe2                light_follow
 .text.light_observe
                0x00003114      0x172 main.o
                0x00003114                light_observe
 .text.IR_avoid
                0x00003286      0x234 main.o
                0x00003286                IR_avoid
 .text.act      0x000034ba       0x40 main.o
                0x000034ba                act
 .text.CBOT_main
                0x000034fa       0xc4 main.o
                0x000034fa                CBOT_main
 .text.avr-libc
                0x000035be      0x6fa c:/program files (x86)/atmel/studio/7.0/toolchain/avr8/avr8-gnu-toolchain/bin/../lib/gcc/avr/5.4.0/../../../../avr/lib/avr5\libprintf_flt.a(vfprintf_flt.o)
                0x000035be                vfprintf
 .text.avr-libc.fplib
                0x00003cb8        0xe c:/program files (x86)/atmel/studio/7.0/toolchain/avr8/avr8-gnu-toolchain/bin/../lib/gcc/avr/5.4.0/../../../../avr/lib/avr5\libm.a(addsf3.o)
                0x00003cb8                __subsf3
                0x00003cba                __addsf3
 .text.avr-libc.fplib
                0x00003cc6       0xcc c:/program files (x86)/atmel/studio/7.0/toolchain/avr8/avr8-gnu-toolchain/bin/../lib/gcc/avr/5.4.0/../../../../avr/lib/avr5\libm.a(addsf3x.o)
                0x00003ce8                __addsf3x
 .text.avr-libc.fplib
                0x00003d92        0x8 c:/program files (x86)/atmel/studio/7.0/toolchain/avr8/avr8-gnu-toolchain/bin/../lib/gcc/avr/5.4.0/../../../../avr/lib/avr5\libm.a(divsf3.o)
                0x00003d92                __divsf3
 .text.avr-libc.fplib
                0x00003d9a       0xdc c:/program files (x86)/atmel/studio/7.0/toolchain/avr8/avr8-gnu-toolchain/bin/../lib/gcc/avr/5.4.0/../../../../avr/lib/avr5\libm.a(divsf3x.o)
                0x00003dba                __divsf3x
                0x00003dc0                __divsf3_pse
 .text.avr-libc.fplib
                0x00003e76        0xe c:/program files (x86)/atmel/studio/7.0/toolchain/avr8/avr8-gnu-toolchain/bin/../lib/gcc/avr/5.4.0/../../../../avr/lib/avr5\libm.a(fixsfsi.o)
                0x00003e76                __fixsfsi
 .text.avr-libc.fplib
                0x00003e84       0x5e c:/program files (x86)/atmel/studio/7.0/toolchain/avr8/avr8-gnu-toolchain/bin/../lib/gcc/avr/5.4.0/../../../../avr/lib/avr5\libm.a(fixunssfsi.o)
                0x00003e84                __fixunssfsi
 .text.avr-libc.fplib
                0x00003ee2       0x7a c:/program files (x86)/atmel/studio/7.0/toolchain/avr8/avr8-gnu-toolchain/bin/../lib/gcc/avr/5.4.0/../../../../avr/lib/avr5\libm.a(floatsisf.o)
                0x00003ee2                __floatunsisf
                0x00003ee6                __floatsisf
 .text.avr-libc.fplib
                0x00003f5c        0xc c:/program files (x86)/atmel/studio/7.0/toolchain/avr8/avr8-gnu-toolchain/bin/../lib/gcc/avr/5.4.0/../../../../avr/lib/avr5\libm.a(fp_inf.o)
                0x00003f5c                __fp_inf
 .text.avr-libc.fplib
                0x00003f68        0x6 c:/program files (x86)/atmel/studio/7.0/toolchain/avr8/avr8-gnu-toolchain/bin/../lib/gcc/avr/5.4.0/../../../../avr/lib/avr5\libm.a(fp_nan.o)
                0x00003f68                __fp_nan
 .text.avr-libc.fplib
                0x00003f6e        0xe c:/program files (x86)/atmel/studio/7.0/toolchain/avr8/avr8-gnu-toolchain/bin/../lib/gcc/avr/5.4.0/../../../../avr/lib/avr5\libm.a(fp_pscA.o)
                0x00003f6e                __fp_pscA
 .text.avr-libc.fplib
                0x00003f7c        0xe c:/program files (x86)/atmel/studio/7.0/toolchain/avr8/avr8-gnu-toolchain/bin/../lib/gcc/avr/5.4.0/../../../../avr/lib/avr5\libm.a(fp_pscB.o)
                0x00003f7c                __fp_pscB
 .text.avr-libc.fplib
                0x00003f8a       0x22 c:/program files (x86)/atmel/studio/7.0/toolchain/avr8/avr8-gnu-toolchain/bin/../lib/gcc/avr/5.4.0/../../../../avr/lib/avr5\libm.a(fp_round.o)
                0x00003f8a                __fp_round
 .text.avr-libc.fplib
                0x00003fac       0x44 c:/program files (x86)/atmel/studio/7.0/toolchain/avr8/avr8-gnu-toolchain/bin/../lib/gcc/avr/5.4.0/../../../../avr/lib/avr5\libm.a(fp_split3.o)
                0x00003fac                __fp_split3
                0x00003fbc                __fp_splitA
 .text.avr-libc.fplib
                0x00003ff0        0xe c:/program files (x86)/atmel/studio/7.0/toolchain/avr8/avr8-gnu-toolchain/bin/../lib/gcc/avr/5.4.0/../../../../avr/lib/avr5\libm.a(fp_zero.o)
                0x00003ff0                __fp_zero
                0x00003ff2                __fp_szero
 .text.avr-libc.fplib
                0x00003ffe        0xa c:/program files (x86)/atmel/studio/7.0/toolchain/avr8/avr8-gnu-toolchain/bin/../lib/gcc/avr/5.4.0/../../../../avr/lib/avr5\libm.a(gesf2.o)
                0x00003ffe                __gesf2
                0x00003ffe                __gtsf2
 .text.avr-libc.fplib
                0x00004008       0x7a c:/program files (x86)/atmel/studio/7.0/toolchain/avr8/avr8-gnu-toolchain/bin/../lib/gcc/avr/5.4.0/../../../../avr/lib/avr5\libm.a(lrint.o)
                0x00004008                lrint
 .text.avr-libc.fplib
                0x00004082        0x8 c:/program files (x86)/atmel/studio/7.0/toolchain/avr8/avr8-gnu-toolchain/bin/../lib/gcc/avr/5.4.0/../../../../avr/lib/avr5\libm.a(mulsf3.o)
                0x00004082                __mulsf3
 .text.avr-libc.fplib
                0x0000408a       0xd2 c:/program files (x86)/atmel/studio/7.0/toolchain/avr8/avr8-gnu-toolchain/bin/../lib/gcc/avr/5.4.0/../../../../avr/lib/avr5\libm.a(mulsf3x.o)
                0x000040a8                __mulsf3x
                0x000040ae                __mulsf3_pse
 .text.avr-libc.fplib
                0x0000415c       0xa0 c:/program files (x86)/atmel/studio/7.0/toolchain/avr8/avr8-gnu-toolchain/bin/../lib/gcc/avr/5.4.0/../../../../avr/lib/avr5\libm.a(pow.o)
                0x0000415c                pow
 .text.avr-libc.fplib
                0x000041fc       0x74 c:/program files (x86)/atmel/studio/7.0/toolchain/avr8/avr8-gnu-toolchain/bin/../lib/gcc/avr/5.4.0/../../../../avr/lib/avr5\libm.a(exp.o)
                0x0000420c                exp
 .text.avr-libc.fplib
                0x00004270       0x48 c:/program files (x86)/atmel/studio/7.0/toolchain/avr8/avr8-gnu-toolchain/bin/../lib/gcc/avr/5.4.0/../../../../avr/lib/avr5\libm.a(fp_cmp.o)
                0x00004270                __fp_cmp
 .text.avr-libc.fplib
                0x000042b8       0x4e c:/program files (x86)/atmel/studio/7.0/toolchain/avr8/avr8-gnu-toolchain/bin/../lib/gcc/avr/5.4.0/../../../../avr/lib/avr5\libm.a(fp_powser.o)
                0x000042b8                __fp_powser
 .text.avr-libc.fplib
                0x00004306       0x10 c:/program files (x86)/atmel/studio/7.0/toolchain/avr8/avr8-gnu-toolchain/bin/../lib/gcc/avr/5.4.0/../../../../avr/lib/avr5\libm.a(inverse.o)
                0x00004306                inverse
 .text.avr-libc.fplib
                0x00004316       0x74 c:/program files (x86)/atmel/studio/7.0/toolchain/avr8/avr8-gnu-toolchain/bin/../lib/gcc/avr/5.4.0/../../../../avr/lib/avr5\libm.a(ldexp.o)
                0x0000431e                ldexp
 .text.avr-libc.fplib
                0x0000438a       0xa0 c:/program files (x86)/atmel/studio/7.0/toolchain/avr8/avr8-gnu-toolchain/bin/../lib/gcc/avr/5.4.0/../../../../avr/lib/avr5\libm.a(log.o)
                0x0000439a                log
 .text.avr-libc.fplib
                0x0000442a       0x68 c:/program files (x86)/atmel/studio/7.0/toolchain/avr8/avr8-gnu-toolchain/bin/../lib/gcc/avr/5.4.0/../../../../avr/lib/avr5\libm.a(modf.o)
                0x0000442a                modf
                0x0000442a                modff
 .text.avr-libc.fplib
                0x00004492       0x1c c:/program files (x86)/atmel/studio/7.0/toolchain/avr8/avr8-gnu-toolchain/bin/../lib/gcc/avr/5.4.0/../../../../avr/lib/avr5\libm.a(fp_mpack.o)
                0x00004492                __fp_mpack
                0x00004496                __fp_mpack_finite
 .text.libgcc.mul
                0x000044ae       0x20 c:/program files (x86)/atmel/studio/7.0/toolchain/avr8/avr8-gnu-toolchain/bin/../lib/gcc/avr/5.4.0/avr5\libgcc.a(_mulsi3.o)
                0x000044ae                __mulsi3
 .text.libgcc.div
                0x000044ce       0x44 c:/program files (x86)/atmel/studio/7.0/toolchain/avr8/avr8-gnu-toolchain/bin/../lib/gcc/avr/5.4.0/avr5\libgcc.a(_udivmodsi4.o)
                0x000044ce                __udivmodsi4
 .text.libgcc.mul
                0x00004512       0x16 c:/program files (x86)/atmel/studio/7.0/toolchain/avr8/avr8-gnu-toolchain/bin/../lib/gcc/avr/5.4.0/avr5\libgcc.a(_muluhisi3.o)
                0x00004512                __muluhisi3
 .text.libgcc.prologue
                0x00004528       0x38 c:/program files (x86)/atmel/studio/7.0/toolchain/avr8/avr8-gnu-toolchain/bin/../lib/gcc/avr/5.4.0/avr5\libgcc.a(_prologue.o)
                0x00004528                __prologue_saves__
 .text.libgcc.prologue
                0x00004560       0x36 c:/program files (x86)/atmel/studio/7.0/toolchain/avr8/avr8-gnu-toolchain/bin/../lib/gcc/avr/5.4.0/avr5\libgcc.a(_epilogue.o)
                0x00004560                __epilogue_restores__
 .text.libgcc.mul
                0x00004596       0x1e c:/program files (x86)/atmel/studio/7.0/toolchain/avr8/avr8-gnu-toolchain/bin/../lib/gcc/avr/5.4.0/avr5\libgcc.a(_umulhisi3.o)
                0x00004596                __umulhisi3
 .text.avr-libc
                0x000045b4      0x242 c:/program files (x86)/atmel/studio/7.0/toolchain/avr8/avr8-gnu-toolchain/bin/../lib/gcc/avr/5.4.0/../../../../avr/lib/avr5\libc.a(malloc.o)
                0x000045b4                malloc
                0x000046e4                free
 .text.avr-libc
                0x000047f6      0x1b0 c:/program files (x86)/atmel/studio/7.0/toolchain/avr8/avr8-gnu-toolchain/bin/../lib/gcc/avr/5.4.0/../../../../avr/lib/avr5\libc.a(ftoa_engine.o)
                0x000047f6                __ftoa_engine
 .text.avr-libc
                0x000049a6       0x16 c:/program files (x86)/atmel/studio/7.0/toolchain/avr8/avr8-gnu-toolchain/bin/../lib/gcc/avr/5.4.0/../../../../avr/lib/avr5\libc.a(strnlen_P.o)
                0x000049a6                strnlen_P
 .text.avr-libc
                0x000049bc       0x16 c:/program files (x86)/atmel/studio/7.0/toolchain/avr8/avr8-gnu-toolchain/bin/../lib/gcc/avr/5.4.0/../../../../avr/lib/avr5\libc.a(strnlen.o)
                0x000049bc                strnlen
 .text.avr-libc
                0x000049d2       0x78 c:/program files (x86)/atmel/studio/7.0/toolchain/avr8/avr8-gnu-toolchain/bin/../lib/gcc/avr/5.4.0/../../../../avr/lib/avr5\libc.a(fputc.o)
                0x000049d2                fputc
 .text.avr-libc
                0x00004a4a       0x2c c:/program files (x86)/atmel/studio/7.0/toolchain/avr8/avr8-gnu-toolchain/bin/../lib/gcc/avr/5.4.0/../../../../avr/lib/avr5\libc.a(printf.o)
                0x00004a4a                printf
 .text.avr-libc
                0x00004a76       0x60 c:/program files (x86)/atmel/studio/7.0/toolchain/avr8/avr8-gnu-toolchain/bin/../lib/gcc/avr/5.4.0/../../../../avr/lib/avr5\libc.a(puts.o)
                0x00004a76                puts
 .text.avr-libc
                0x00004ad6       0xbc c:/program files (x86)/atmel/studio/7.0/toolchain/avr8/avr8-gnu-toolchain/bin/../lib/gcc/avr/5.4.0/../../../../avr/lib/avr5\libc.a(ultoa_invert.o)
                0x00004ad6                __ultoa_invert
                0x00004b92                . = ALIGN (0x2)
 *(.fini9)
 .fini9         0x00004b92        0x0 c:/program files (x86)/atmel/studio/7.0/toolchain/avr8/avr8-gnu-toolchain/bin/../lib/gcc/avr/5.4.0/avr5\libgcc.a(_exit.o)
                0x00004b92                _exit
                0x00004b92                exit
 *(.fini9)
 *(.fini8)
 *(.fini8)
 *(.fini7)
 *(.fini7)
 *(.fini6)
 *(.fini6)
 *(.fini5)
 *(.fini5)
 *(.fini4)
 *(.fini4)
 *(.fini3)
 *(.fini3)
 *(.fini2)
 *(.fini2)
 *(.fini1)
 *(.fini1)
 *(.fini0)
 .fini0         0x00004b92        0x4 c:/program files (x86)/atmel/studio/7.0/toolchain/avr8/avr8-gnu-toolchain/bin/../lib/gcc/avr/5.4.0/avr5\libgcc.a(_exit.o)
 *(.fini0)
                0x00004b96                _etext = .

.data           0x00800100       0x90 load address 0x00004b96
                0x00800100                PROVIDE (__data_start, .)
 *(.data)
 .data          0x00800100        0x1 ../../../../../../CEENBOT-items\libcapi324v22x.a(ADC_set_channel.o)
 .data          0x00800101        0x4 ../../../../../../CEENBOT-items\libcapi324v22x.a(ATTINY_get_IR_state.o)
 .data          0x00800105        0xe ../../../../../../CEENBOT-items\libcapi324v22x.a(LCD_globals.o)
                0x00800105                LCD_stdout
 .data          0x00800113        0x8 ../../../../../../CEENBOT-items\libcapi324v22x.a(STEPPER_globals.o)
                0x00800113                Motor_L_LUT
                0x00800117                Motor_R_LUT
 .data          0x0080011b        0x6 c:/program files (x86)/atmel/studio/7.0/toolchain/avr8/avr8-gnu-toolchain/bin/../lib/gcc/avr/5.4.0/../../../../avr/lib/avr5\libc.a(malloc.o)
                0x0080011b                __malloc_heap_end
                0x0080011d                __malloc_heap_start
                0x0080011f                __malloc_margin
 *(.data*)
 *(.gnu.linkonce.d*)
 *(.rodata)
 *(.rodata*)
 .rodata.str1.1
                0x00800121       0x6e main.o
 *(.gnu.linkonce.r*)
                0x00800190                . = ALIGN (0x2)
 *fill*         0x0080018f        0x1 
                0x00800190                _edata = .
                0x00800190                PROVIDE (__data_end, .)

.bss            0x00800190      0x11c
                0x00800190                PROVIDE (__bss_start, .)
 *(.bss)
 .bss           0x00800190        0x2 ../../../../../../CEENBOT-items\libcapi324v22x.a(STEPPER_step.o)
 .bss           0x00800192        0x2 ../../../../../../CEENBOT-items\libcapi324v22x.a(STEPPER_step2.o)
 .bss           0x00800194        0xb ../../../../../../CEENBOT-items\libcapi324v22x.a(ATTINY_get_IR_state.o)
 .bss           0x0080019f       0x40 ../../../../../../CEENBOT-items\libcapi324v22x.a(ISR_globals.o)
                0x0080019f                CBOT_ISR_vtable
 .bss           0x008001df       0x10 ../../../../../../CEENBOT-items\libcapi324v22x.a(SPI_globals.o)
                0x008001df                spi_config_func_LUT
 .bss           0x008001ef       0x10 ../../../../../../CEENBOT-items\libcapi324v22x.a(SPKR_globals.o)
                0x008001ef                tone_mode_active
                0x008001f0                beep_mode_active
                0x008001f1                spkr_accum32
                0x008001f5                spkr_freq
                0x008001f9                beep_accum16
                0x008001fb                beep_freq
                0x008001fd                p_Freq_LUT
 .bss           0x008001ff        0x2 ../../../../../../CEENBOT-items\libcapi324v22x.a(TMRSRVC_globals.o)
                0x008001ff                timer_busy_status
                0x00800200                timer_run_status
 .bss           0x00800201        0x1 ../../../../../../CEENBOT-items\libcapi324v22x.a(STEPPER_process_run_mode.o)
 .bss           0x00800202        0x4 ../../../../../../CEENBOT-items\libcapi324v22x.a(STEPPER_process_pwm.o)
 *(.bss*)
 .bss.previous_action.3801
                0x00800206        0x9 main.o
 .bss.sense_timer_2.3780
                0x0080020f        0x9 main.o
 .bss.timer_started.3778
                0x00800218        0x1 main.o
 .bss.sense_timer.3773
                0x00800219        0x9 main.o
 .bss.timer_started.3772
                0x00800222        0x1 main.o
 .bss.previous_state.3755
                0x00800223        0x1 main.o
 *(COMMON)
 COMMON         0x00800224        0x9 main.o
                0x00800224                action
 COMMON         0x0080022d       0x15 ../../../../../../CEENBOT-items\libcapi324v22x.a(SYS_globals.o)
                0x0080022d                CBOT_SYSTEM_refcount
 COMMON         0x00800242        0x5 ../../../../../../CEENBOT-items\libcapi324v22x.a(LCD_globals.o)
                0x00800242                LCD_params
 COMMON         0x00800247        0x1 ../../../../../../CEENBOT-items\libcapi324v22x.a(SPI_globals.o)
                0x00800247                curr_spi_addr
 COMMON         0x00800248       0x39 ../../../../../../CEENBOT-items\libcapi324v22x.a(STEPPER_globals.o)
                0x00800248                STEPPER_params
                0x0080027f                step_done
 COMMON         0x00800281       0x1e ../../../../../../CEENBOT-items\libcapi324v22x.a(ATTINY_globals.o)
                0x00800281                ATTINY_params
 COMMON         0x0080029f        0x3 ../../../../../../CEENBOT-items\libcapi324v22x.a(TMRSRVC_globals.o)
                0x0080029f                tmrNodes
 COMMON         0x008002a2        0x4 c:/program files (x86)/atmel/studio/7.0/toolchain/avr8/avr8-gnu-toolchain/bin/../lib/gcc/avr/5.4.0/../../../../avr/lib/avr5\libc.a(malloc.o)
                0x008002a2                __brkval
                0x008002a4                __flp
 COMMON         0x008002a6        0x6 c:/program files (x86)/atmel/studio/7.0/toolchain/avr8/avr8-gnu-toolchain/bin/../lib/gcc/avr/5.4.0/../../../../avr/lib/avr5\libc.a(iob.o)
                0x008002a6                __iob
                0x008002ac                PROVIDE (__bss_end, .)
                0x00004b96                __data_load_start = LOADADDR (.data)
                0x00004c26                __data_load_end = (__data_load_start + SIZEOF (.data))

.noinit         0x008002ac        0x0
                [!provide]                PROVIDE (__noinit_start, .)
 *(.noinit*)
                [!provide]                PROVIDE (__noinit_end, .)
                0x008002ac                _end = .
                0x008002ac                PROVIDE (__heap_start, .)

.eeprom         0x00810000        0x0
 *(.eeprom*)
                0x00810000                __eeprom_end = .

.fuse
 *(.fuse)
 *(.lfuse)
 *(.hfuse)
 *(.efuse)

.lock
 *(.lock*)

.signature
 *(.signature*)

.user_signatures
 *(.user_signatures*)

.stab
 *(.stab)

.stabstr
 *(.stabstr)

.stab.excl
 *(.stab.excl)

.stab.exclstr
 *(.stab.exclstr)

.stab.index
 *(.stab.index)

.stab.indexstr
 *(.stab.indexstr)

.comment        0x00000000       0x5c
 *(.comment)
 .comment       0x00000000       0x30 main.o
                                 0x31 (size before relaxing)
 .comment       0x00000030       0x2c c:/program files (x86)/atmel/studio/7.0/toolchain/avr8/avr8-gnu-toolchain/bin/../lib/gcc/avr/5.4.0/../../../../avr/lib/avr5\libprintf_flt.a(vfprintf_flt.o)
                                 0x2d (size before relaxing)
 .comment       0x0000005c       0x31 c:/program files (x86)/atmel/studio/7.0/toolchain/avr8/avr8-gnu-toolchain/bin/../lib/gcc/avr/5.4.0/../../../../avr/lib/avr5\libc.a(malloc.o)
 .comment       0x0000005c       0x31 c:/program files (x86)/atmel/studio/7.0/toolchain/avr8/avr8-gnu-toolchain/bin/../lib/gcc/avr/5.4.0/../../../../avr/lib/avr5\libc.a(fputc.o)
 .comment       0x0000005c       0x31 c:/program files (x86)/atmel/studio/7.0/toolchain/avr8/avr8-gnu-toolchain/bin/../lib/gcc/avr/5.4.0/../../../../avr/lib/avr5\libc.a(iob.o)
 .comment       0x0000005c       0x31 c:/program files (x86)/atmel/studio/7.0/toolchain/avr8/avr8-gnu-toolchain/bin/../lib/gcc/avr/5.4.0/../../../../avr/lib/avr5\libc.a(printf.o)
 .comment       0x0000005c       0x31 c:/program files (x86)/atmel/studio/7.0/toolchain/avr8/avr8-gnu-toolchain/bin/../lib/gcc/avr/5.4.0/../../../../avr/lib/avr5\libc.a(puts.o)

.note.gnu.avr.deviceinfo
                0x00000000       0x40
 .note.gnu.avr.deviceinfo
                0x00000000       0x40 C:/Program Files (x86)/Atmel/Studio/7.0/Packs/atmel/ATmega_DFP/1.2.150/gcc/dev/atmega324p/avr5/crtatmega324p.o

.note.gnu.build-id
 *(.note.gnu.build-id)

.debug
 *(.debug)

.line
 *(.line)

.debug_srcinfo
 *(.debug_srcinfo)

.debug_sfnames
 *(.debug_sfnames)

.debug_aranges
 *(.debug_aranges)

.debug_pubnames
 *(.debug_pubnames)

.debug_info     0x00000000      0x6cc
 *(.debug_info .gnu.linkonce.wi.*)
 .debug_info    0x00000000      0x6cc C:/Program Files (x86)/Atmel/Studio/7.0/Packs/atmel/ATmega_DFP/1.2.150/gcc/dev/atmega324p/avr5/crtatmega324p.o

.debug_abbrev   0x00000000      0x66e
 *(.debug_abbrev)
 .debug_abbrev  0x00000000      0x66e C:/Program Files (x86)/Atmel/Studio/7.0/Packs/atmel/ATmega_DFP/1.2.150/gcc/dev/atmega324p/avr5/crtatmega324p.o

.debug_line     0x00000000      0x151
 *(.debug_line .debug_line.* .debug_line_end)
 .debug_line    0x00000000      0x151 C:/Program Files (x86)/Atmel/Studio/7.0/Packs/atmel/ATmega_DFP/1.2.150/gcc/dev/atmega324p/avr5/crtatmega324p.o

.debug_frame
 *(.debug_frame)

.debug_str      0x00000000      0x255
 *(.debug_str)
 .debug_str     0x00000000      0x255 C:/Program Files (x86)/Atmel/Studio/7.0/Packs/atmel/ATmega_DFP/1.2.150/gcc/dev/atmega324p/avr5/crtatmega324p.o

.debug_loc
 *(.debug_loc)

.debug_macinfo
 *(.debug_macinfo)

.debug_weaknames
 *(.debug_weaknames)

.debug_funcnames
 *(.debug_funcnames)

.debug_typenames
 *(.debug_typenames)

.debug_varnames
 *(.debug_varnames)

.debug_pubtypes
 *(.debug_pubtypes)

.debug_ranges
 *(.debug_ranges)

.debug_macro
 *(.debug_macro)
OUTPUT(Lab 5.elf elf32-avr)
LOAD linker stubs
