Archive member included to satisfy reference by file (symbol)

../../../../../../CEENBOT-items\libcapi324v22x.a(ADC_open.o)
                              main.o (ADC_open)
../../../../../../CEENBOT-items\libcapi324v22x.a(ADC_sample.o)
                              main.o (ADC_sample)
../../../../../../CEENBOT-items\libcapi324v22x.a(ADC_set_VREF.o)
                              main.o (ADC_set_VREF)
../../../../../../CEENBOT-items\libcapi324v22x.a(ADC_set_channel.o)
                              main.o (ADC_set_channel)
../../../../../../CEENBOT-items\libcapi324v22x.a(__ADC_init.o)
                              ../../../../../../CEENBOT-items\libcapi324v22x.a(ADC_open.o) (__ADC_init)
../../../../../../CEENBOT-items\libcapi324v22x.a(CBOT_main.o)
                              C:/Program Files (x86)/Atmel/Studio/7.0/Packs/atmel/ATmega_DFP/1.2.150/gcc/dev/atmega324p/avr5/crtatmega324p.o (main)
../../../../../../CEENBOT-items\libcapi324v22x.a(LCD_clear.o)
                              main.o (LCD_clear)
../../../../../../CEENBOT-items\libcapi324v22x.a(LCD_open.o)
                              main.o (LCD_open)
../../../../../../CEENBOT-items\libcapi324v22x.a(LCD_set_PGC_addr.o)
                              ../../../../../../CEENBOT-items\libcapi324v22x.a(LCD_clear.o) (LCD_set_PGC_addr)
../../../../../../CEENBOT-items\libcapi324v22x.a(LCD_set_RC.o)
                              main.o (LCD_set_RC)
../../../../../../CEENBOT-items\libcapi324v22x.a(LCD_set_backlight.o)
                              ../../../../../../CEENBOT-items\libcapi324v22x.a(LCD_open.o) (LCD_set_backlight)
../../../../../../CEENBOT-items\libcapi324v22x.a(LCD_set_next_PGC.o)
                              ../../../../../../CEENBOT-items\libcapi324v22x.a(LCD_clear.o) (LCD_set_next_PGC)
../../../../../../CEENBOT-items\libcapi324v22x.a(LCD_write.o)
                              ../../../../../../CEENBOT-items\libcapi324v22x.a(LCD_clear.o) (LCD_write)
../../../../../../CEENBOT-items\libcapi324v22x.a(__LCD_init.o)
                              ../../../../../../CEENBOT-items\libcapi324v22x.a(LCD_open.o) (__LCD_init)
../../../../../../CEENBOT-items\libcapi324v22x.a(LED_open.o)
                              main.o (LED_open)
../../../../../../CEENBOT-items\libcapi324v22x.a(LED_tog_pattern.o)
                              main.o (LED_tog_pattern)
../../../../../../CEENBOT-items\libcapi324v22x.a(__LED_init.o)
                              ../../../../../../CEENBOT-items\libcapi324v22x.a(LED_open.o) (__LED_init)
../../../../../../CEENBOT-items\libcapi324v22x.a(__LED_tog_pattern.o)
                              ../../../../../../CEENBOT-items\libcapi324v22x.a(LED_tog_pattern.o) (__LED_tog_pattern)
../../../../../../CEENBOT-items\libcapi324v22x.a(SPI_open.o)
                              ../../../../../../CEENBOT-items\libcapi324v22x.a(LCD_open.o) (SPI_open)
../../../../../../CEENBOT-items\libcapi324v22x.a(SPI_set_config_func.o)
                              ../../../../../../CEENBOT-items\libcapi324v22x.a(SPI_open.o) (SPI_set_config_func)
../../../../../../CEENBOT-items\libcapi324v22x.a(SPI_set_slave_addr.o)
                              ../../../../../../CEENBOT-items\libcapi324v22x.a(LCD_set_backlight.o) (SPI_set_slave_addr)
../../../../../../CEENBOT-items\libcapi324v22x.a(SPI_transmit.o)
                              ../../../../../../CEENBOT-items\libcapi324v22x.a(LCD_set_backlight.o) (SPI_transmit)
../../../../../../CEENBOT-items\libcapi324v22x.a(__SPI_init.o)
                              ../../../../../../CEENBOT-items\libcapi324v22x.a(SPI_open.o) (__SPI_init)
../../../../../../CEENBOT-items\libcapi324v22x.a(STEPPER_move.o)
                              main.o (STEPPER_move)
../../../../../../CEENBOT-items\libcapi324v22x.a(STEPPER_open.o)
                              main.o (STEPPER_open)
../../../../../../CEENBOT-items\libcapi324v22x.a(STEPPER_run.o)
                              ../../../../../../CEENBOT-items\libcapi324v22x.a(STEPPER_move.o) (STEPPER_run)
../../../../../../CEENBOT-items\libcapi324v22x.a(STEPPER_run2.o)
                              ../../../../../../CEENBOT-items\libcapi324v22x.a(STEPPER_move.o) (STEPPER_run2)
../../../../../../CEENBOT-items\libcapi324v22x.a(STEPPER_runn.o)
                              main.o (STEPPER_runn)
../../../../../../CEENBOT-items\libcapi324v22x.a(STEPPER_set_accel.o)
                              ../../../../../../CEENBOT-items\libcapi324v22x.a(STEPPER_move.o) (STEPPER_set_accel)
../../../../../../CEENBOT-items\libcapi324v22x.a(STEPPER_set_accel2.o)
                              main.o (STEPPER_set_accel2)
../../../../../../CEENBOT-items\libcapi324v22x.a(STEPPER_set_dir.o)
                              ../../../../../../CEENBOT-items\libcapi324v22x.a(STEPPER_run.o) (STEPPER_set_dir)
../../../../../../CEENBOT-items\libcapi324v22x.a(STEPPER_set_dir2.o)
                              ../../../../../../CEENBOT-items\libcapi324v22x.a(STEPPER_run2.o) (STEPPER_set_dir2)
[...]
Memory Configuration

Name             Origin             Length             Attributes
text             0x00000000         0x00020000         xr
data             0x00800060         0x0000ffa0         rw !x
eeprom           0x00810000         0x00010000         rw !x
fuse             0x00820000         0x00000003         rw !x
lock             0x00830000         0x00000400         rw !x
signature        0x00840000         0x00000400         rw !x
user_signatures  0x00850000         0x00000400         rw !x
*default*        0x00000000         0xffffffff

Linker script and memory map

Address of section .data set to 0x800100
LOAD C:/Program Files (x86)/Atmel/Studio/7.0/Packs/atmel/ATmega_DFP/1.2.150/gcc/dev/atmega324p/avr5/crtatmega324p.o
LOAD main.o
START GROUP
LOAD ../../../../../../CEENBOT-items\libcapi324v22x.a
LOAD c:/program files (x86)/atmel/studio/7.0/toolchain/avr8/avr8-gnu-toolchain/bin/../lib/gcc/avr/5.4.0/../../../../avr/lib/avr5\libprintf_flt.a
LOAD c:/program files (x86)/atmel/studio/7.0/toolchain/avr8/avr8-gnu-toolchain/bin/../lib/gcc/avr/5.4.0/../../../../avr/lib/avr5\libm.a
END GROUP
START GROUP
LOAD c:/program files (x86)/atmel/studio/7.0/toolchain/avr8/avr8-gnu-toolchain/bin/../lib/gcc/avr/5.4.0/avr5\libgcc.a
LOAD c:/program files (x86)/atmel/studio/7.0/toolchain/avr8/avr8-gnu-toolchain/bin/../lib/gcc/avr/5.4.0/../../../../avr/lib/avr5\libm.a
LOAD c:/program files (x86)/atmel/studio/7.0/toolchain/avr8/avr8-gnu-toolchain/bin/../lib/gcc/avr/5.4.0/../../../../avr/lib/avr5\libc.a
LOAD C:/Program Files (x86)/Atmel/Studio/7.0/Packs/atmel/ATmega_DFP/1.2.150/gcc/dev/atmega324p/avr5\libatmega324p.a
END GROUP
                0x00020000                __TEXT_REGION_LENGTH__ = DEFINED (__TEXT_REGION_LENGTH__)?__TEXT_REGION_LENGTH__:0x20000
                0x0000ffa0                __DATA_REGION_LENGTH__ = DEFINED (__DATA_REGION_LENGTH__)?__DATA_REGION_LENGTH__:0xffa0
                0x00010000                __EEPROM_REGION_LENGTH__ = DEFINED (__EEPROM_REGION_LENGTH__)?__EEPROM_REGION_LENGTH__:0x10000
                [0x00000003]                __FUSE_REGION_LENGTH__ = DEFINED (__FUSE_REGION_LENGTH__)?__FUSE_REGION_LENGTH__:0x400
                0x00000400                __LOCK_REGION_LENGTH__ = DEFINED (__LOCK_REGION_LENGTH__)?__LOCK_REGION_LENGTH__:0x400
                0x00000400                __SIGNATURE_REGION_LENGTH__ = DEFINED (__SIGNATURE_REGION_LENGTH__)?__SIGNATURE_REGION_LENGTH__:0x400
                0x00000400                __USER_SIGNATURE_REGION_LENGTH__ = DEFINED (__USER_SIGNATURE_REGION_LENGTH__)?__USER_SIGNATURE_REGION_LENGTH__:0x400

.hash
 *(.hash)

.dynsym
 *(.dynsym)

.dynstr
 *(.dynstr)

.gnu.version
 *(.gnu.version)

.gnu.version_d
 *(.gnu.version_d)

.gnu.version_r
 *(.gnu.version_r)

.rel.init
 *(.rel.init)

.rela.init
 *(.rela.init)

.rel.text
 *(.rel.text)
 *(.rel.text.*)
 *(.rel.gnu.linkonce.t*)

.rela.text
 *(.rela.text)
 *(.rela.text.*)
 *(.rela.gnu.linkonce.t*)

.rel.fini
 *(.rel.fini)

.rela.fini
 *(.rela.fini)

.rel.rodata
 *(.rel.rodata)
 *(.rel.rodata.*)
 *(.rel.gnu.linkonce.r*)

.rela.rodata
 *(.rela.rodata)
 *(.rela.rodata.*)
 *(.rela.gnu.linkonce.r*)

.rel.data
 *(.rel.data)
 *(.rel.data.*)
 *(.rel.gnu.linkonce.d*)

.rela.data
 *(.rela.data)
 *(.rela.data.*)
 *(.rela.gnu.linkonce.d*)

.rel.ctors
 *(.rel.ctors)

.rela.ctors
 *(.rela.ctors)

.rel.dtors
 *(.rel.dtors)

.rela.dtors
 *(.rela.dtors)

.rel.got
 *(.rel.got)

.rela.got
 *(.rela.got)

.rel.bss
 *(.rel.bss)

.rela.bss
 *(.rela.bss)

.rel.plt
 *(.rel.plt)

.rela.plt
 *(.rela.plt)

.text           0x00000000     0x4146
 *(.vectors)
 .vectors       0x00000000       0x7c C:/Program Files (x86)/Atmel/Studio/7.0/Packs/atmel/ATmega_DFP/1.2.150/gcc/dev/atmega324p/avr5/crtatmega324p.o
                0x00000000                __vector_default
                0x00000000                __vectors
 *(.vectors)
 *(.progmem.gcc*)
 .progmem.gcc_sw_table.info_display
                0x0000007c       0x10 main.o
 .progmem.gcc_fplib
                0x0000008c       0x28 c:/program files (x86)/atmel/studio/7.0/toolchain/avr8/avr8-gnu-toolchain/bin/../lib/gcc/avr/5.4.0/../../../../avr/lib/avr5\libm.a(exp.o)
 .progmem.gcc_fplib
                0x000000b4       0x5a c:/program files (x86)/atmel/studio/7.0/toolchain/avr8/avr8-gnu-toolchain/bin/../lib/gcc/avr/5.4.0/../../../../avr/lib/avr5\libm.a(log.o)
                0x0000010e                . = ALIGN (0x2)
                0x0000010e                __trampolines_start = .
 *(.trampolines)
 .trampolines   0x0000010e        0x0 linker stubs
 *(.trampolines*)
                0x0000010e                __trampolines_end = .
 *libprintf_flt.a:*(.progmem.data)
 .progmem.data  0x0000010e        0x8 c:/program files (x86)/atmel/studio/7.0/toolchain/avr8/avr8-gnu-toolchain/bin/../lib/gcc/avr/5.4.0/../../../../avr/lib/avr5\libprintf_flt.a(vfprintf_flt.o)
 *libc.a:*(.progmem.data)
 .progmem.data  0x00000116       0xfa c:/program files (x86)/atmel/studio/7.0/toolchain/avr8/avr8-gnu-toolchain/bin/../lib/gcc/avr/5.4.0/../../../../avr/lib/avr5\libc.a(ftoa_engine.o)
 *(.progmem*)
 .progmem.data  0x00000210      0x415 ../../../../../../CEENBOT-items\libcapi324v22x.a(LCD_globals.o)
                0x00000210                char_bitmap
                0x00000425                CEENBoT_Inc_logo_bitmap
                0x00000626                . = ALIGN (0x2)
 *fill*         0x00000625        0x1 
 *(.jumptables)
 *(.jumptables*)
 *(.lowtext)
 *(.lowtext*)
                0x00000626                __ctors_start = .
 *(.ctors)
                0x00000626                __ctors_end = .
                0x00000626                __dtors_start = .
 *(.dtors)
                0x00000626                __dtors_end = .
 SORT(*)(.ctors)
 SORT(*)(.dtors)
 *(.init0)
 .init0         0x00000626        0x0 C:/Program Files (x86)/Atmel/Studio/7.0/Packs/atmel/ATmega_DFP/1.2.150/gcc/dev/atmega324p/avr5/crtatmega324p.o
                0x00000626                __init
 *(.init0)
 *(.init1)
 *(.init1)
 *(.init2)
 .init2         0x00000626        0xc C:/Program Files (x86)/Atmel/Studio/7.0/Packs/atmel/ATmega_DFP/1.2.150/gcc/dev/atmega324p/avr5/crtatmega324p.o
 *(.init2)
 *(.init3)
 *(.init3)
 *(.init4)
 .init4         0x00000632       0x16 c:/program files (x86)/atmel/studio/7.0/toolchain/avr8/avr8-gnu-toolchain/bin/../lib/gcc/avr/5.4.0/avr5\libgcc.a(_copy_data.o)
                0x00000632                __do_copy_data
 .init4         0x00000648       0x10 c:/program files (x86)/atmel/studio/7.0/toolchain/avr8/avr8-gnu-toolchain/bin/../lib/gcc/avr/5.4.0/avr5\libgcc.a(_clear_bss.o)
                0x00000648                __do_clear_bss
 *(.init4)
 *(.init5)
 *(.init5)
 *(.init6)
 *(.init6)
 *(.init7)
 *(.init7)
 *(.init8)
 *(.init8)
 *(.init9)
 .init9         0x00000658        0x8 C:/Program Files (x86)/Atmel/Studio/7.0/Packs/atmel/ATmega_DFP/1.2.150/gcc/dev/atmega324p/avr5/crtatmega324p.o
 *(.init9)
 *(.text)
 .text          0x00000660        0x4 C:/Program Files (x86)/Atmel/Studio/7.0/Packs/atmel/ATmega_DFP/1.2.150/gcc/dev/atmega324p/avr5/crtatmega324p.o
                0x00000660                __vector_22
                0x00000660                __vector_28
                0x00000660                __vector_1
                0x00000660                __vector_24
                0x00000660                __bad_interrupt
                0x00000660                __vector_3
                0x00000660                __vector_23
                0x00000660                __vector_30
                0x00000660                __vector_25
                0x00000660                __vector_19
                0x00000660                __vector_27
                0x00000660                __vector_2
                0x00000660                __vector_21
                0x00000660                __vector_29
                0x00000660                __vector_8
                0x00000660                __vector_26
                0x00000660                __vector_20
 .text          0x00000664       0x16 ../../../../../../CEENBOT-items\libcapi324v22x.a(ADC_open.o)
                0x00000664                ADC_open
 .text          0x0000067a       0x3a ../../../../../../CEENBOT-items\libcapi324v22x.a(ADC_sample.o)
                0x0000067a                ADC_sample
 .text          0x000006b4       0x16 ../../../../../../CEENBOT-items\libcapi324v22x.a(ADC_set_VREF.o)
                0x000006b4                ADC_set_VREF
 .text          0x000006ca       0x6e ../../../../../../CEENBOT-items\libcapi324v22x.a(ADC_set_channel.o)
                0x000006ca                ADC_set_channel
 .text          0x00000738       0x16 ../../../../../../CEENBOT-items\libcapi324v22x.a(__ADC_init.o)
                0x00000738                __ADC_init
 .text          0x0000074e       0x12 ../../../../../../CEENBOT-items\libcapi324v22x.a(CBOT_main.o)
                0x0000074e                main
 .text          0x00000760       0x44 ../../../../../../CEENBOT-items\libcapi324v22x.a(LCD_clear.o)
                0x00000760                LCD_clear
 .text          0x000007a4      0x10c ../../../../../../CEENBOT-items\libcapi324v22x.a(LCD_open.o)
                0x000007a4                LCD_open
 .text          0x000008b0       0x44 ../../../../../../CEENBOT-items\libcapi324v22x.a(LCD_set_PGC_addr.o)
                0x000008b0                LCD_set_PGC_addr
 .text          0x000008f4       0x2e ../../../../../../CEENBOT-items\libcapi324v22x.a(LCD_set_RC.o)
                0x000008f4                LCD_set_RC
 .text          0x00000922       0x42 ../../../../../../CEENBOT-items\libcapi324v22x.a(LCD_set_backlight.o)
                0x00000922                LCD_set_backlight
 .text          0x00000964       0x24 ../../../../../../CEENBOT-items\libcapi324v22x.a(LCD_set_next_PGC.o)
                0x00000964                LCD_set_next_PGC
 .text          0x00000988       0x36 ../../../../../../CEENBOT-items\libcapi324v22x.a(LCD_write.o)
                0x00000988                LCD_write
 .text          0x000009be        0x4 ../../../../../../CEENBOT-items\libcapi324v22x.a(__LCD_init.o)
                0x000009be                __LCD_init
 .text          0x000009c2       0x16 ../../../../../../CEENBOT-items\libcapi324v22x.a(LED_open.o)
                0x000009c2                LED_open
 .text          0x000009d8       0x18 ../../../../../../CEENBOT-items\libcapi324v22x.a(LED_tog_pattern.o)
                0x000009d8                LED_tog_pattern
 .text          0x000009f0       0x12 ../../../../../../CEENBOT-items\libcapi324v22x.a(__LED_init.o)
                0x000009f0                __LED_init
 .text          0x00000a02       0x1c ../../../../../../CEENBOT-items\libcapi324v22x.a(__LED_tog_pattern.o)
                0x00000a02                __LED_tog_pattern
 .text          0x00000a1e       0x72 ../../../../../../CEENBOT-items\libcapi324v22x.a(SPI_open.o)
                0x00000a1e                SPI_open
 .text          0x00000a90       0x12 ../../../../../../CEENBOT-items\libcapi324v22x.a(SPI_set_config_func.o)
                0x00000a90                SPI_set_config_func
 .text          0x00000aa2       0xa2 ../../../../../../CEENBOT-items\libcapi324v22x.a(SPI_set_slave_addr.o)
                0x00000aa2                SPI_set_slave_addr
 .text          0x00000b44       0x1e ../../../../../../CEENBOT-items\libcapi324v22x.a(SPI_transmit.o)
                0x00000b44                SPI_transmit
 .text          0x00000b62        0xe ../../../../../../CEENBOT-items\libcapi324v22x.a(__SPI_init.o)
                0x00000b62                __SPI_init
 .text          0x00000b70       0xea ../../../../../../CEENBOT-items\libcapi324v22x.a(STEPPER_open.o)
                0x00000b70                STEPPER_open
 .text          0x00000c5a       0x82 ../../../../../../CEENBOT-items\libcapi324v22x.a(STEPPER_runn.o)
                0x00000c5a                STEPPER_runn
 .text          0x00000cdc       0x3c ../../../../../../CEENBOT-items\libcapi324v22x.a(STEPPER_set_accel2.o)
                0x00000cdc                STEPPER_set_accel2
 .text          0x00000d18       0x5a ../../../../../../CEENBOT-items\libcapi324v22x.a(STEPPER_set_speed.o)
                0x00000d18                STEPPER_set_speed
 .text          0x00000d72       0x4a ../../../../../../CEENBOT-items\libcapi324v22x.a(STEPPER_stop.o)
                0x00000d72                STEPPER_stop
 .text          0x00000dbc       0x14 ../../../../../../CEENBOT-items\libcapi324v22x.a(__STEPPER_init.o)
                0x00000dbc                __STEPPER_init
 .text          0x00000dd0       0x20 ../../../../../../CEENBOT-items\libcapi324v22x.a(SYS_decrement_refcount.o)
                0x00000dd0                SYS_decrement_refcount
 .text          0x00000df0       0x1a ../../../../../../CEENBOT-items\libcapi324v22x.a(SYS_increment_refcount.o)
                0x00000df0                SYS_increment_refcount
 .text          0x00000e0a       0x18 ../../../../../../CEENBOT-items\libcapi324v22x.a(SYS_isOpen.o)
                0x00000e0a                SYS_isOpen
 .text          0x00000e22       0x48 ../../../../../../CEENBOT-items\libcapi324v22x.a(ATTINY_open.o)
                0x00000e22                ATTINY_open
 .text          0x00000e6a       0x82 ../../../../../../CEENBOT-items\libcapi324v22x.a(ATTINY_set_RC_servo.o)
                0x00000e6a                ATTINY_set_RC_servo
 .text          0x00000eec      0x1b4 ../../../../../../CEENBOT-items\libcapi324v22x.a(ATTINY_set_RC_servos.o)
                0x00000eec                ATTINY_set_RC_servos
 .text          0x000010a0       0x82 ../../../../../../CEENBOT-items\libcapi324v22x.a(__ATTINY_initialize_params.o)
                0x000010a0                __ATTINY_initialize_params
 .text          0x00001122       0x5a ../../../../../../CEENBOT-items\libcapi324v22x.a(TMRSRVC_delay.o)
                0x00001122                TMRSRVC_delay
 .text          0x0000117c       0x7c ../../../../../../CEENBOT-items\libcapi324v22x.a(TMRSRVC_new.o)
                0x0000117c                TMRSRVC_new
 .text          0x000011f8       0xd2 ../../../../../../CEENBOT-items\libcapi324v22x.a(__TMRSRVC_insert.o)
                0x000011f8                TMRSRVC_insert
 .text          0x000012ca       0x4a ../../../../../../CEENBOT-items\libcapi324v22x.a(USONIC_open.o)
                0x000012ca                USONIC_open
 .text          0x00001314        0x6 ../../../../../../CEENBOT-items\libcapi324v22x.a(__USONIC_init.o)
                0x00001314                __USONIC_init
 .text          0x0000131a       0x1c ../../../../../../CEENBOT-items\libcapi324v22x.a(CBOT_init.o)
                0x0000131a                CBOT_init
 .text          0x00001336      0x480 ../../../../../../CEENBOT-items\libcapi324v22x.a(CBOT_isr.o)
                0x00001336                CBOT_ISR_init
                0x0000133a                __vector_16
                0x0000138c                __vector_17
                0x000013de                __vector_18
                0x00001430                __vector_9
                0x00001482                __vector_10
                0x000014d4                __vector_11
                0x00001526                __vector_13
                0x00001578                __vector_14
                0x000015ca                __vector_12
                0x0000161c                __vector_15
                0x0000166e                __vector_4
                0x000016c0                __vector_5
                0x00001712                __vector_6
                0x00001764                __vector_7
 .text          0x000017b6       0x22 ../../../../../../CEENBOT-items\libcapi324v22x.a(ISR_open.o)
                0x000017b6                ISR_open
 .text          0x000017d8      0x15a ../../../../../../CEENBOT-items\libcapi324v22x.a(__LCD_putchar.o)
                0x000017d8                __LCD_putchar
 .text          0x00001932       0x18 ../../../../../../CEENBOT-items\libcapi324v22x.a(LED_clr_pattern.o)
                0x00001932                LED_clr_pattern
 .text          0x0000194a        0xa ../../../../../../CEENBOT-items\libcapi324v22x.a(__LED_clr_pattern.o)
                0x0000194a                __LED_clr_pattern
 .text          0x00001954       0x10 ../../../../../../CEENBOT-items\libcapi324v22x.a(ATMEGA_open.o)
                0x00001954                ATMEGA_open
 .text          0x00001964       0xa6 ../../../../../../CEENBOT-items\libcapi324v22x.a(ATMEGA_set_clk_mode.o)
                0x00001964                ATMEGA_set_clk_mode
 .text          0x00001a0a        0x6 ../../../../../../CEENBOT-items\libcapi324v22x.a(__ATMEGA_init.o)
                0x00001a0a                __ATMEGA_init
 .text          0x00001a10       0x52 ../../../../../../CEENBOT-items\libcapi324v22x.a(SPI_cfgrs.o)
                0x00001a10                SPI_default_config
                0x00001a20                SPI_ATtiny0_config
                0x00001a30                SPI_PSXC_config
                0x00001a40                SPI_LCD_config
                0x00001a50                SPI_FLASH_config
 .text          0x00001a62       0x20 ../../../../../../CEENBOT-items\libcapi324v22x.a(SPI_receive.o)
                0x00001a62                SPI_receive
 .text          0x00001a82       0x64 ../../../../../../CEENBOT-items\libcapi324v22x.a(SPKR_close.o)
                0x00001a82                __SPKR_close_beep_mode
                0x00001a98                __SPKR_close_tone_mode
                0x00001ad2                SPKR_close
 .text          0x00001ae6      0x136 ../../../../../../CEENBOT-items\libcapi324v22x.a(SPKR_open.o)
                0x00001ae6                __SPKR_set_up_freq_LUT
                0x00001b84                __SPKR_open_beep_mode
                0x00001ba8                __SPKR_open_tone_mode
                0x00001c04                SPKR_open
 .text          0x00001c1c       0xac ../../../../../../CEENBOT-items\libcapi324v22x.a(SPKR_play_beep.o)
                0x00001c1c                SPKR_play_beep
 .text          0x00001cc8       0x38 ../../../../../../CEENBOT-items\libcapi324v22x.a(__SPKR_close.o)
                0x00001cc8                __SPKR_close
 .text          0x00001d00       0x54 ../../../../../../CEENBOT-items\libcapi324v22x.a(__SPKR_init.o)
                0x00001d00                __SPKR_init
 .text          0x00001d54        0xc ../../../../../../CEENBOT-items\libcapi324v22x.a(__SPKR_stop.o)
                0x00001d54                __SPKR_stop
 .text          0x00001d60       0x36 ../../../../../../CEENBOT-items\libcapi324v22x.a(STEPPER_set_steps.o)
                0x00001d60                STEPPER_set_steps
 .text          0x00001d96       0x3c ../../../../../../CEENBOT-items\libcapi324v22x.a(STOPWATCH_open.o)
                0x00001d96                STOPWATCH_open
 .text          0x00001dd2       0x2a ../../../../../../CEENBOT-items\libcapi324v22x.a(__STOPWATCH_init.o)
                0x00001dd2                __STOPWATCH_init
 .text          0x00001dfc       0x1e ../../../../../../CEENBOT-items\libcapi324v22x.a(SYS_init.o)
                0x00001dfc                SYS_init
 .text          0x00001e1a       0x10 ../../../../../../CEENBOT-items\libcapi324v22x.a(SYS_set_refcount.o)
                0x00001e1a                SYS_set_refcount
 .text          0x00001e2a       0x7a ../../../../../../CEENBOT-items\libcapi324v22x.a(ATTINY_get_firm_rev.o)
                0x00001e2a                ATTINY_get_firm_rev
 .text          0x00001ea4       0x42 ../../../../../../CEENBOT-items\libcapi324v22x.a(ATTINY_power_cycle_IR.o)
                0x00001ea4                ATTINY_power_cycle_IR
 .text          0x00001ee6       0x38 ../../../../../../CEENBOT-items\libcapi324v22x.a(TMRSRVC_open.o)
                0x00001ee6                TMRSRVC_open
 .text          0x00001f1e        0x8 ../../../../../../CEENBOT-items\libcapi324v22x.a(TMRSRVC_start.o)
                0x00001f1e                TMRSRVC_start
 .text          0x00001f26       0x12 ../../../../../../CEENBOT-items\libcapi324v22x.a(__TMRSRVC_init.o)
                0x00001f26                __TMRSRVC_init
 .text          0x00001f38        0xc ../../../../../../CEENBOT-items\libcapi324v22x.a(__TMRSRVC_start.o)
                0x00001f38                __TMRSRVC_start
 .text          0x00001f44       0x28 ../../../../../../CEENBOT-items\libcapi324v22x.a(ISR_attach.o)
                0x00001f44                ISR_attach
 .text          0x00001f6c       0x22 ../../../../../../CEENBOT-items\libcapi324v22x.a(__ISR_attach.o)
                0x00001f6c                __ISR_attach
 .text          0x00001f8e        0x6 ../../../../../../CEENBOT-items\libcapi324v22x.a(ISR__SPKR__TIMER1_COMPA_vect.o)
                0x00001f8e                __SPKR_TIMER1_COMPA_vect
 .text          0x00001f94       0x48 ../../../../../../CEENBOT-items\libcapi324v22x.a(SPKR_beep.o)
                0x00001f94                SPKR_beep
 .text          0x00001fdc       0x82 ../../../../../../CEENBOT-items\libcapi324v22x.a(SPKR_clk.o)
                0x00001fdc                SPKR_clk
 .text          0x0000205e        0x6 ../../../../../../CEENBOT-items\libcapi324v22x.a(ISR__TIMER1_COMPA_vect.o)
                0x0000205e                __TIMER1_COMPA_vect
 .text          0x00002064        0xe ../../../../../../CEENBOT-items\libcapi324v22x.a(ISR__TIMER0_COMPA_vect.o)
                0x00002064                __TIMER0_COMPA_vect
 .text          0x00002072       0x32 ../../../../../../CEENBOT-items\libcapi324v22x.a(TMRSRVC_tick.o)
                0x00002072                TMRSRVC_tick
 .text          0x000020a4       0x18 ../../../../../../CEENBOT-items\libcapi324v22x.a(STOPWATCH_clk.o)
                0x000020a4                STOPWATCH_clk
 .text          0x000020bc       0x4e ../../../../../../CEENBOT-items\libcapi324v22x.a(SPKR_beep_clk.o)
                0x000020bc                SPKR_beep_clk
 .text          0x0000210a      0x162 ../../../../../../CEENBOT-items\libcapi324v22x.a(STEPPER_clk.o)
                0x0000210a                STEPPER_clk
 .text          0x0000226c       0x8a ../../../../../../CEENBOT-items\libcapi324v22x.a(STEPPER_process_accel.o)
                0x0000226c                STEPPER_process_accel
 .text          0x000022f6      0x206 ../../../../../../CEENBOT-items\libcapi324v22x.a(STEPPER_process_run_mode.o)
                0x000022f6                STEPPER_process_run_mode
 .text          0x000024fc       0xa8 ../../../../../../CEENBOT-items\libcapi324v22x.a(STEPPER_process_step_mode.o)
                0x000024fc                STEPPER_process_step_mode
 .text          0x000025a4       0xd6 ../../../../../../CEENBOT-items\libcapi324v22x.a(TMRSRVC_process.o)
                0x000025a4                TMRSRVC_process
 .text          0x0000267a        0x6 ../../../../../../CEENBOT-items\libcapi324v22x.a(TMRSRVC_stop.o)
                0x0000267a                TMRSRVC_stop
 .text          0x00002680      0x130 ../../../../../../CEENBOT-items\libcapi324v22x.a(STEPPER_process_pwm.o)
                0x00002680                STEPPER_process_pwm
                0x000027b0                . = ALIGN (0x2)
 *(.text.*)
 .text.info_display
                0x000027b0       0x82 main.o
                0x000027b0                info_display
 .text.compare_actions
                0x00002832       0x5a main.o
                0x00002832                compare_actions
 .text.Line_Sense
                0x0000288c       0xac main.o
                0x0000288c                Line_Sense
 .text.Line_Follow
                0x00002938      0x194 main.o
                0x00002938                Line_Follow
 .text.act      0x00002acc       0x40 main.o
                0x00002acc                act
 .text.CBOT_main
                0x00002b0c       0xa8 main.o
                0x00002b0c                CBOT_main
 .text.avr-libc
                0x00002bb4      0x6fa c:/program files (x86)/atmel/studio/7.0/toolchain/avr8/avr8-gnu-toolchain/bin/../lib/gcc/avr/5.4.0/../../../../avr/lib/avr5\libprintf_flt.a(vfprintf_flt.o)
                0x00002bb4                vfprintf
 .text.avr-libc.fplib
                0x000032ae        0xe c:/program files (x86)/atmel/studio/7.0/toolchain/avr8/avr8-gnu-toolchain/bin/../lib/gcc/avr/5.4.0/../../../../avr/lib/avr5\libm.a(addsf3.o)
                0x000032ae                __subsf3
                0x000032b0                __addsf3
 .text.avr-libc.fplib
                0x000032bc       0xcc c:/program files (x86)/atmel/studio/7.0/toolchain/avr8/avr8-gnu-toolchain/bin/../lib/gcc/avr/5.4.0/../../../../avr/lib/avr5\libm.a(addsf3x.o)
                0x000032de                __addsf3x
 .text.avr-libc.fplib
                0x00003388        0x8 c:/program files (x86)/atmel/studio/7.0/toolchain/avr8/avr8-gnu-toolchain/bin/../lib/gcc/avr/5.4.0/../../../../avr/lib/avr5\libm.a(divsf3.o)
                0x00003388                __divsf3
 .text.avr-libc.fplib
                0x00003390       0xdc c:/program files (x86)/atmel/studio/7.0/toolchain/avr8/avr8-gnu-toolchain/bin/../lib/gcc/avr/5.4.0/../../../../avr/lib/avr5\libm.a(divsf3x.o)
                0x000033b0                __divsf3x
                0x000033b6                __divsf3_pse
 .text.avr-libc.fplib
                0x0000346c        0xe c:/program files (x86)/atmel/studio/7.0/toolchain/avr8/avr8-gnu-toolchain/bin/../lib/gcc/avr/5.4.0/../../../../avr/lib/avr5\libm.a(fixsfsi.o)
                0x0000346c                __fixsfsi
 .text.avr-libc.fplib
                0x0000347a       0x5e c:/program files (x86)/atmel/studio/7.0/toolchain/avr8/avr8-gnu-toolchain/bin/../lib/gcc/avr/5.4.0/../../../../avr/lib/avr5\libm.a(fixunssfsi.o)
                0x0000347a                __fixunssfsi
 .text.avr-libc.fplib
                0x000034d8       0x7a c:/program files (x86)/atmel/studio/7.0/toolchain/avr8/avr8-gnu-toolchain/bin/../lib/gcc/avr/5.4.0/../../../../avr/lib/avr5\libm.a(floatsisf.o)
                0x000034d8                __floatunsisf
                0x000034dc                __floatsisf
 .text.avr-libc.fplib
                0x00003552        0xc c:/program files (x86)/atmel/studio/7.0/toolchain/avr8/avr8-gnu-toolchain/bin/../lib/gcc/avr/5.4.0/../../../../avr/lib/avr5\libm.a(fp_inf.o)
                0x00003552                __fp_inf
 .text.avr-libc.fplib
                0x0000355e        0x6 c:/program files (x86)/atmel/studio/7.0/toolchain/avr8/avr8-gnu-toolchain/bin/../lib/gcc/avr/5.4.0/../../../../avr/lib/avr5\libm.a(fp_nan.o)
                0x0000355e                __fp_nan
 .text.avr-libc.fplib
                0x00003564        0xe c:/program files (x86)/atmel/studio/7.0/toolchain/avr8/avr8-gnu-toolchain/bin/../lib/gcc/avr/5.4.0/../../../../avr/lib/avr5\libm.a(fp_pscA.o)
                0x00003564                __fp_pscA
 .text.avr-libc.fplib
                0x00003572        0xe c:/program files (x86)/atmel/studio/7.0/toolchain/avr8/avr8-gnu-toolchain/bin/../lib/gcc/avr/5.4.0/../../../../avr/lib/avr5\libm.a(fp_pscB.o)
                0x00003572                __fp_pscB
 .text.avr-libc.fplib
                0x00003580       0x22 c:/program files (x86)/atmel/studio/7.0/toolchain/avr8/avr8-gnu-toolchain/bin/../lib/gcc/avr/5.4.0/../../../../avr/lib/avr5\libm.a(fp_round.o)
                0x00003580                __fp_round
 .text.avr-libc.fplib
                0x000035a2       0x44 c:/program files (x86)/atmel/studio/7.0/toolchain/avr8/avr8-gnu-toolchain/bin/../lib/gcc/avr/5.4.0/../../../../avr/lib/avr5\libm.a(fp_split3.o)
                0x000035a2                __fp_split3
                0x000035b2                __fp_splitA
 .text.avr-libc.fplib
                0x000035e6        0xe c:/program files (x86)/atmel/studio/7.0/toolchain/avr8/avr8-gnu-toolchain/bin/../lib/gcc/avr/5.4.0/../../../../avr/lib/avr5\libm.a(fp_zero.o)
                0x000035e6                __fp_zero
                0x000035e8                __fp_szero
 .text.avr-libc.fplib
                0x000035f4       0x7a c:/program files (x86)/atmel/studio/7.0/toolchain/avr8/avr8-gnu-toolchain/bin/../lib/gcc/avr/5.4.0/../../../../avr/lib/avr5\libm.a(lrint.o)
                0x000035f4                lrint
 .text.avr-libc.fplib
                0x0000366e        0x8 c:/program files (x86)/atmel/studio/7.0/toolchain/avr8/avr8-gnu-toolchain/bin/../lib/gcc/avr/5.4.0/../../../../avr/lib/avr5\libm.a(mulsf3.o)
                0x0000366e                __mulsf3
 .text.avr-libc.fplib
                0x00003676       0xd2 c:/program files (x86)/atmel/studio/7.0/toolchain/avr8/avr8-gnu-toolchain/bin/../lib/gcc/avr/5.4.0/../../../../avr/lib/avr5\libm.a(mulsf3x.o)
                0x00003694                __mulsf3x
                0x0000369a                __mulsf3_pse
 .text.avr-libc.fplib
                0x00003748       0xa0 c:/program files (x86)/atmel/studio/7.0/toolchain/avr8/avr8-gnu-toolchain/bin/../lib/gcc/avr/5.4.0/../../../../avr/lib/avr5\libm.a(pow.o)
                0x00003748                pow
 .text.avr-libc.fplib
                0x000037e8       0x74 c:/program files (x86)/atmel/studio/7.0/toolchain/avr8/avr8-gnu-toolchain/bin/../lib/gcc/avr/5.4.0/../../../../avr/lib/avr5\libm.a(exp.o)
                0x000037f8                exp
 .text.avr-libc.fplib
                0x0000385c       0x4e c:/program files (x86)/atmel/studio/7.0/toolchain/avr8/avr8-gnu-toolchain/bin/../lib/gcc/avr/5.4.0/../../../../avr/lib/avr5\libm.a(fp_powser.o)
                0x0000385c                __fp_powser
 .text.avr-libc.fplib
                0x000038aa       0x10 c:/program files (x86)/atmel/studio/7.0/toolchain/avr8/avr8-gnu-toolchain/bin/../lib/gcc/avr/5.4.0/../../../../avr/lib/avr5\libm.a(inverse.o)
                0x000038aa                inverse
 .text.avr-libc.fplib
                0x000038ba       0x74 c:/program files (x86)/atmel/studio/7.0/toolchain/avr8/avr8-gnu-toolchain/bin/../lib/gcc/avr/5.4.0/../../../../avr/lib/avr5\libm.a(ldexp.o)
                0x000038c2                ldexp
 .text.avr-libc.fplib
                0x0000392e       0xa0 c:/program files (x86)/atmel/studio/7.0/toolchain/avr8/avr8-gnu-toolchain/bin/../lib/gcc/avr/5.4.0/../../../../avr/lib/avr5\libm.a(log.o)
                0x0000393e                log
 .text.avr-libc.fplib
                0x000039ce       0x68 c:/program files (x86)/atmel/studio/7.0/toolchain/avr8/avr8-gnu-toolchain/bin/../lib/gcc/avr/5.4.0/../../../../avr/lib/avr5\libm.a(modf.o)
                0x000039ce                modf
                0x000039ce                modff
 .text.avr-libc.fplib
                0x00003a36       0x1c c:/program files (x86)/atmel/studio/7.0/toolchain/avr8/avr8-gnu-toolchain/bin/../lib/gcc/avr/5.4.0/../../../../avr/lib/avr5\libm.a(fp_mpack.o)
                0x00003a36                __fp_mpack
                0x00003a3a                __fp_mpack_finite
 .text.libgcc.mul
                0x00003a52       0x20 c:/program files (x86)/atmel/studio/7.0/toolchain/avr8/avr8-gnu-toolchain/bin/../lib/gcc/avr/5.4.0/avr5\libgcc.a(_mulsi3.o)
                0x00003a52                __mulsi3
 .text.libgcc.div
                0x00003a72       0x44 c:/program files (x86)/atmel/studio/7.0/toolchain/avr8/avr8-gnu-toolchain/bin/../lib/gcc/avr/5.4.0/avr5\libgcc.a(_udivmodsi4.o)
                0x00003a72                __udivmodsi4
 .text.libgcc   0x00003ab6        0xc c:/program files (x86)/atmel/studio/7.0/toolchain/avr8/avr8-gnu-toolchain/bin/../lib/gcc/avr/5.4.0/avr5\libgcc.a(_tablejump2.o)
                0x00003ab6                __tablejump2__
 .text.libgcc.mul
                0x00003ac2       0x1e c:/program files (x86)/atmel/studio/7.0/toolchain/avr8/avr8-gnu-toolchain/bin/../lib/gcc/avr/5.4.0/avr5\libgcc.a(_umulhisi3.o)
                0x00003ac2                __umulhisi3
 .text.libgcc.mul
                0x00003ae0       0x16 c:/program files (x86)/atmel/studio/7.0/toolchain/avr8/avr8-gnu-toolchain/bin/../lib/gcc/avr/5.4.0/avr5\libgcc.a(_muluhisi3.o)
                0x00003ae0                __muluhisi3
 .text.libgcc.prologue
                0x00003af6       0x38 c:/program files (x86)/atmel/studio/7.0/toolchain/avr8/avr8-gnu-toolchain/bin/../lib/gcc/avr/5.4.0/avr5\libgcc.a(_prologue.o)
                0x00003af6                __prologue_saves__
 .text.libgcc.prologue
                0x00003b2e       0x36 c:/program files (x86)/atmel/studio/7.0/toolchain/avr8/avr8-gnu-toolchain/bin/../lib/gcc/avr/5.4.0/avr5\libgcc.a(_epilogue.o)
                0x00003b2e                __epilogue_restores__
 .text.avr-libc
                0x00003b64      0x242 c:/program files (x86)/atmel/studio/7.0/toolchain/avr8/avr8-gnu-toolchain/bin/../lib/gcc/avr/5.4.0/../../../../avr/lib/avr5\libc.a(malloc.o)
                0x00003b64                malloc
                0x00003c94                free
 .text.avr-libc
                0x00003da6      0x1b0 c:/program files (x86)/atmel/studio/7.0/toolchain/avr8/avr8-gnu-toolchain/bin/../lib/gcc/avr/5.4.0/../../../../avr/lib/avr5\libc.a(ftoa_engine.o)
                0x00003da6                __ftoa_engine
 .text.avr-libc
                0x00003f56       0x16 c:/program files (x86)/atmel/studio/7.0/toolchain/avr8/avr8-gnu-toolchain/bin/../lib/gcc/avr/5.4.0/../../../../avr/lib/avr5\libc.a(strnlen_P.o)
                0x00003f56                strnlen_P
 .text.avr-libc
                0x00003f6c       0x16 c:/program files (x86)/atmel/studio/7.0/toolchain/avr8/avr8-gnu-toolchain/bin/../lib/gcc/avr/5.4.0/../../../../avr/lib/avr5\libc.a(strnlen.o)
                0x00003f6c                strnlen
 .text.avr-libc
                0x00003f82       0x78 c:/program files (x86)/atmel/studio/7.0/toolchain/avr8/avr8-gnu-toolchain/bin/../lib/gcc/avr/5.4.0/../../../../avr/lib/avr5\libc.a(fputc.o)
                0x00003f82                fputc
 .text.avr-libc
                0x00003ffa       0x2c c:/program files (x86)/atmel/studio/7.0/toolchain/avr8/avr8-gnu-toolchain/bin/../lib/gcc/avr/5.4.0/../../../../avr/lib/avr5\libc.a(printf.o)
                0x00003ffa                printf
 .text.avr-libc
                0x00004026       0x60 c:/program files (x86)/atmel/studio/7.0/toolchain/avr8/avr8-gnu-toolchain/bin/../lib/gcc/avr/5.4.0/../../../../avr/lib/avr5\libc.a(puts.o)
                0x00004026                puts
 .text.avr-libc
                0x00004086       0xbc c:/program files (x86)/atmel/studio/7.0/toolchain/avr8/avr8-gnu-toolchain/bin/../lib/gcc/avr/5.4.0/../../../../avr/lib/avr5\libc.a(ultoa_invert.o)
                0x00004086                __ultoa_invert
                0x00004142                . = ALIGN (0x2)
 *(.fini9)
 .fini9         0x00004142        0x0 c:/program files (x86)/atmel/studio/7.0/toolchain/avr8/avr8-gnu-toolchain/bin/../lib/gcc/avr/5.4.0/avr5\libgcc.a(_exit.o)
                0x00004142                _exit
                0x00004142                exit
 *(.fini9)
 *(.fini8)
 *(.fini8)
 *(.fini7)
 *(.fini7)
 *(.fini6)
 *(.fini6)
 *(.fini5)
 *(.fini5)
 *(.fini4)
 *(.fini4)
 *(.fini3)
 *(.fini3)
 *(.fini2)
 *(.fini2)
 *(.fini1)
 *(.fini1)
 *(.fini0)
 .fini0         0x00004142        0x4 c:/program files (x86)/atmel/studio/7.0/toolchain/avr8/avr8-gnu-toolchain/bin/../lib/gcc/avr/5.4.0/avr5\libgcc.a(_exit.o)
 *(.fini0)
                0x00004146                _etext = .

.data           0x00800100       0xcc load address 0x00004146
                0x00800100                PROVIDE (__data_start, .)
 *(.data)
 .data          0x00800100        0x1 ../../../../../../CEENBOT-items\libcapi324v22x.a(ADC_set_channel.o)
 .data          0x00800101        0xe ../../../../../../CEENBOT-items\libcapi324v22x.a(LCD_globals.o)
                0x00800101                LCD_stdout
 .data          0x0080010f        0x8 ../../../../../../CEENBOT-items\libcapi324v22x.a(STEPPER_globals.o)
                0x0080010f                Motor_L_LUT
                0x00800113                Motor_R_LUT
 .data          0x00800117        0x6 c:/program files (x86)/atmel/studio/7.0/toolchain/avr8/avr8-gnu-toolchain/bin/../lib/gcc/avr/5.4.0/../../../../avr/lib/avr5\libc.a(malloc.o)
                0x00800117                __malloc_heap_end
                0x00800119                __malloc_heap_start
                0x0080011b                __malloc_margin
 *(.data*)
 *(.gnu.linkonce.d*)
 *(.rodata)
 *(.rodata*)
 .rodata.str1.1
                0x0080011d       0xaf main.o
                                 0xba (size before relaxing)
 *(.gnu.linkonce.r*)
                0x008001cc                . = ALIGN (0x2)
                0x008001cc                _edata = .
                0x008001cc                PROVIDE (__data_end, .)

.bss            0x008001cc      0x105
                0x008001cc                PROVIDE (__bss_start, .)
 *(.bss)
 .bss           0x008001cc       0x40 ../../../../../../CEENBOT-items\libcapi324v22x.a(ISR_globals.o)
                0x008001cc                CBOT_ISR_vtable
 .bss           0x0080020c       0x10 ../../../../../../CEENBOT-items\libcapi324v22x.a(SPI_globals.o)
                0x0080020c                spi_config_func_LUT
 .bss           0x0080021c       0x10 ../../../../../../CEENBOT-items\libcapi324v22x.a(SPKR_globals.o)
                0x0080021c                tone_mode_active
                0x0080021d                beep_mode_active
                0x0080021e                spkr_accum32
                0x00800222                spkr_freq
                0x00800226                beep_accum16
                0x00800228                beep_freq
                0x0080022a                p_Freq_LUT
 .bss           0x0080022c        0x2 ../../../../../../CEENBOT-items\libcapi324v22x.a(TMRSRVC_globals.o)
                0x0080022c                timer_busy_status
                0x0080022d                timer_run_status
 .bss           0x0080022e        0x1 ../../../../../../CEENBOT-items\libcapi324v22x.a(STEPPER_process_run_mode.o)
 .bss           0x0080022f        0x4 ../../../../../../CEENBOT-items\libcapi324v22x.a(STEPPER_process_pwm.o)
 *(.bss*)
 .bss.previous_action.3864
                0x00800233        0x9 main.o
 .bss.sense_timer_4.3846
                0x0080023c        0x9 main.o
 .bss.timer_started.3844
                0x00800245        0x1 main.o
 .bss.previous_state.3788
                0x00800246        0x1 main.o
 *(COMMON)
 COMMON         0x00800247        0x9 main.o
                0x00800247                action
 COMMON         0x00800250       0x15 ../../../../../../CEENBOT-items\libcapi324v22x.a(SYS_globals.o)
                0x00800250                CBOT_SYSTEM_refcount
 COMMON         0x00800265        0x5 ../../../../../../CEENBOT-items\libcapi324v22x.a(LCD_globals.o)
                0x00800265                LCD_params
 COMMON         0x0080026a        0x1 ../../../../../../CEENBOT-items\libcapi324v22x.a(SPI_globals.o)
                0x0080026a                curr_spi_addr
 COMMON         0x0080026b       0x39 ../../../../../../CEENBOT-items\libcapi324v22x.a(STEPPER_globals.o)
                0x0080026b                STEPPER_params
                0x008002a2                step_done
 COMMON         0x008002a4        0x2 ../../../../../../CEENBOT-items\libcapi324v22x.a(STOPWATCH_globals.o)
                0x008002a4                STOPWATCH_params
 COMMON         0x008002a6       0x1e ../../../../../../CEENBOT-items\libcapi324v22x.a(ATTINY_globals.o)
                0x008002a6                ATTINY_params
 COMMON         0x008002c4        0x3 ../../../../../../CEENBOT-items\libcapi324v22x.a(TMRSRVC_globals.o)
                0x008002c4                tmrNodes
 COMMON         0x008002c7        0x4 c:/program files (x86)/atmel/studio/7.0/toolchain/avr8/avr8-gnu-toolchain/bin/../lib/gcc/avr/5.4.0/../../../../avr/lib/avr5\libc.a(malloc.o)
                0x008002c7                __brkval
                0x008002c9                __flp
 COMMON         0x008002cb        0x6 c:/program files (x86)/atmel/studio/7.0/toolchain/avr8/avr8-gnu-toolchain/bin/../lib/gcc/avr/5.4.0/../../../../avr/lib/avr5\libc.a(iob.o)
                0x008002cb                __iob
                0x008002d1                PROVIDE (__bss_end, .)
                0x00004146                __data_load_start = LOADADDR (.data)
                0x00004212                __data_load_end = (__data_load_start + SIZEOF (.data))

.noinit         0x008002d1        0x0
                [!provide]                PROVIDE (__noinit_start, .)
 *(.noinit*)
                [!provide]                PROVIDE (__noinit_end, .)
                0x008002d1                _end = .
                0x008002d1                PROVIDE (__heap_start, .)

.eeprom         0x00810000        0x0
 *(.eeprom*)
                0x00810000                __eeprom_end = .

.fuse
 *(.fuse)
 *(.lfuse)
 *(.hfuse)
 *(.efuse)

.lock
 *(.lock*)

.signature
 *(.signature*)

.user_signatures
 *(.user_signatures*)

.stab
 *(.stab)

.stabstr
 *(.stabstr)

.stab.excl
 *(.stab.excl)

.stab.exclstr
 *(.stab.exclstr)

.stab.index
 *(.stab.index)

.stab.indexstr
 *(.stab.indexstr)

.comment        0x00000000       0x5c
 *(.comment)
 .comment       0x00000000       0x30 main.o
                                 0x31 (size before relaxing)
 .comment       0x00000030       0x2c c:/program files (x86)/atmel/studio/7.0/toolchain/avr8/avr8-gnu-toolchain/bin/../lib/gcc/avr/5.4.0/../../../../avr/lib/avr5\libprintf_flt.a(vfprintf_flt.o)
                                 0x2d (size before relaxing)
 .comment       0x0000005c       0x31 c:/program files (x86)/atmel/studio/7.0/toolchain/avr8/avr8-gnu-toolchain/bin/../lib/gcc/avr/5.4.0/../../../../avr/lib/avr5\libc.a(malloc.o)
 .comment       0x0000005c       0x31 c:/program files (x86)/atmel/studio/7.0/toolchain/avr8/avr8-gnu-toolchain/bin/../lib/gcc/avr/5.4.0/../../../../avr/lib/avr5\libc.a(fputc.o)
 .comment       0x0000005c       0x31 c:/program files (x86)/atmel/studio/7.0/toolchain/avr8/avr8-gnu-toolchain/bin/../lib/gcc/avr/5.4.0/../../../../avr/lib/avr5\libc.a(iob.o)
 .comment       0x0000005c       0x31 c:/program files (x86)/atmel/studio/7.0/toolchain/avr8/avr8-gnu-toolchain/bin/../lib/gcc/avr/5.4.0/../../../../avr/lib/avr5\libc.a(printf.o)
 .comment       0x0000005c       0x31 c:/program files (x86)/atmel/studio/7.0/toolchain/avr8/avr8-gnu-toolchain/bin/../lib/gcc/avr/5.4.0/../../../../avr/lib/avr5\libc.a(puts.o)

.note.gnu.avr.deviceinfo
                0x00000000       0x40
 .note.gnu.avr.deviceinfo
                0x00000000       0x40 C:/Program Files (x86)/Atmel/Studio/7.0/Packs/atmel/ATmega_DFP/1.2.150/gcc/dev/atmega324p/avr5/crtatmega324p.o

.note.gnu.build-id
 *(.note.gnu.build-id)

.debug
 *(.debug)

.line
 *(.line)

.debug_srcinfo
 *(.debug_srcinfo)

.debug_sfnames
 *(.debug_sfnames)

.debug_aranges
 *(.debug_aranges)

.debug_pubnames
 *(.debug_pubnames)

.debug_info     0x00000000      0x6cc
 *(.debug_info .gnu.linkonce.wi.*)
 .debug_info    0x00000000      0x6cc C:/Program Files (x86)/Atmel/Studio/7.0/Packs/atmel/ATmega_DFP/1.2.150/gcc/dev/atmega324p/avr5/crtatmega324p.o

.debug_abbrev   0x00000000      0x66e
 *(.debug_abbrev)
 .debug_abbrev  0x00000000      0x66e C:/Program Files (x86)/Atmel/Studio/7.0/Packs/atmel/ATmega_DFP/1.2.150/gcc/dev/atmega324p/avr5/crtatmega324p.o

.debug_line     0x00000000      0x151
 *(.debug_line .debug_line.* .debug_line_end)
 .debug_line    0x00000000      0x151 C:/Program Files (x86)/Atmel/Studio/7.0/Packs/atmel/ATmega_DFP/1.2.150/gcc/dev/atmega324p/avr5/crtatmega324p.o

.debug_frame
 *(.debug_frame)

.debug_str      0x00000000      0x255
 *(.debug_str)
 .debug_str     0x00000000      0x255 C:/Program Files (x86)/Atmel/Studio/7.0/Packs/atmel/ATmega_DFP/1.2.150/gcc/dev/atmega324p/avr5/crtatmega324p.o

.debug_loc
 *(.debug_loc)

.debug_macinfo
 *(.debug_macinfo)

.debug_weaknames
 *(.debug_weaknames)

.debug_funcnames
 *(.debug_funcnames)

.debug_typenames
 *(.debug_typenames)

.debug_varnames
 *(.debug_varnames)

.debug_pubtypes
 *(.debug_pubtypes)

.debug_ranges
 *(.debug_ranges)

.debug_macro
 *(.debug_macro)
OUTPUT(Lab 8.elf elf32-avr)
LOAD linker stubs
