Archive member included to satisfy reference by file (symbol)

../../../../../../CEENBOT-items\libcapi324v22x.a(CBOT_main.o)
                              C:/Program Files (x86)/Atmel/Studio/7.0/Packs/atmel/ATmega_DFP/1.2.150/gcc/dev/atmega324p/avr5/crtatmega324p.o (main)
../../../../../../CEENBOT-items\libcapi324v22x.a(LCD_clear.o)
                              main.o (LCD_clear)
../../../../../../CEENBOT-items\libcapi324v22x.a(LCD_open.o)
                              main.o (LCD_open)
../../../../../../CEENBOT-items\libcapi324v22x.a(LCD_set_PGC_addr.o)
                              ../../../../../../CEENBOT-items\libcapi324v22x.a(LCD_clear.o) (LCD_set_PGC_addr)
../../../../../../CEENBOT-items\libcapi324v22x.a(LCD_set_RC.o)
                              main.o (LCD_set_RC)
../../../../../../CEENBOT-items\libcapi324v22x.a(LCD_set_backlight.o)
                              ../../../../../../CEENBOT-items\libcapi324v22x.a(LCD_open.o) (LCD_set_backlight)
../../../../../../CEENBOT-items\libcapi324v22x.a(LCD_set_next_PGC.o)
                              ../../../../../../CEENBOT-items\libcapi324v22x.a(LCD_clear.o) (LCD_set_next_PGC)
../../../../../../CEENBOT-items\libcapi324v22x.a(LCD_write.o)
                              ../../../../../../CEENBOT-items\libcapi324v22x.a(LCD_clear.o) (LCD_write)
../../../../../../CEENBOT-items\libcapi324v22x.a(__LCD_init.o)
                              ../../../../../../CEENBOT-items\libcapi324v22x.a(LCD_open.o) (__LCD_init)
../../../../../../CEENBOT-items\libcapi324v22x.a(LED_clr_pattern.o)
                              main.o (LED_clr_pattern)
../../../../../../CEENBOT-items\libcapi324v22x.a(LED_open.o)
                              main.o (LED_open)
../../../../../../CEENBOT-items\libcapi324v22x.a(LED_set_patttern.o)
                              main.o (LED_set_pattern)
../../../../../../CEENBOT-items\libcapi324v22x.a(LED_tog_pattern.o)
                              main.o (LED_tog_pattern)
../../../../../../CEENBOT-items\libcapi324v22x.a(__LED_clr_pattern.o)
                              ../../../../../../CEENBOT-items\libcapi324v22x.a(LED_clr_pattern.o) (__LED_clr_pattern)
../../../../../../CEENBOT-items\libcapi324v22x.a(__LED_init.o)
                              ../../../../../../CEENBOT-items\libcapi324v22x.a(LED_open.o) (__LED_init)
../../../../../../CEENBOT-items\libcapi324v22x.a(__LED_set_pattern.o)
                              ../../../../../../CEENBOT-items\libcapi324v22x.a(LED_set_patttern.o) (__LED_set_pattern)
../../../../../../CEENBOT-items\libcapi324v22x.a(__LED_tog_pattern.o)
                              ../../../../../../CEENBOT-items\libcapi324v22x.a(LED_tog_pattern.o) (__LED_tog_pattern)
../../../../../../CEENBOT-items\libcapi324v22x.a(SPI_open.o)
                              ../../../../../../CEENBOT-items\libcapi324v22x.a(LCD_open.o) (SPI_open)
../../../../../../CEENBOT-items\libcapi324v22x.a(SPI_set_config_func.o)
                              ../../../../../../CEENBOT-items\libcapi324v22x.a(SPI_open.o) (SPI_set_config_func)
../../../../../../CEENBOT-items\libcapi324v22x.a(SPI_set_slave_addr.o)
                              ../../../../../../CEENBOT-items\libcapi324v22x.a(LCD_set_backlight.o) (SPI_set_slave_addr)
../../../../../../CEENBOT-items\libcapi324v22x.a(SPI_transmit.o)
                              ../../../../../../CEENBOT-items\libcapi324v22x.a(LCD_set_backlight.o) (SPI_transmit)
../../../../../../CEENBOT-items\libcapi324v22x.a(__SPI_init.o)
                              ../../../../../../CEENBOT-items\libcapi324v22x.a(SPI_open.o) (__SPI_init)
../../../../../../CEENBOT-items\libcapi324v22x.a(STEPPER_move.o)
                              main.o (STEPPER_move)
../../../../../../CEENBOT-items\libcapi324v22x.a(STEPPER_open.o)
                              main.o (STEPPER_open)
../../../../../../CEENBOT-items\libcapi324v22x.a(STEPPER_run.o)
                              ../../../../../../CEENBOT-items\libcapi324v22x.a(STEPPER_move.o) (STEPPER_run)
../../../../../../CEENBOT-items\libcapi324v22x.a(STEPPER_run2.o)
                              ../../../../../../CEENBOT-items\libcapi324v22x.a(STEPPER_move.o) (STEPPER_run2)
../../../../../../CEENBOT-items\libcapi324v22x.a(STEPPER_runn.o)
                              main.o (STEPPER_runn)
../../../../../../CEENBOT-items\libcapi324v22x.a(STEPPER_set_accel.o)
                              ../../../../../../CEENBOT-items\libcapi324v22x.a(STEPPER_move.o) (STEPPER_set_accel)
../../../../../../CEENBOT-items\libcapi324v22x.a(STEPPER_set_accel2.o)
                              main.o (STEPPER_set_accel2)
../../../../../../CEENBOT-items\libcapi324v22x.a(STEPPER_set_dir.o)
                              ../../../../../../CEENBOT-items\libcapi324v22x.a(STEPPER_run.o) (STEPPER_set_dir)
../../../../../../CEENBOT-items\libcapi324v22x.a(STEPPER_set_dir2.o)
                              ../../../../../../CEENBOT-items\libcapi324v22x.a(STEPPER_run2.o) (STEPPER_set_dir2)
[...]
Memory Configuration

Name             Origin             Length             Attributes
text             0x00000000         0x00020000         xr
data             0x00800060         0x0000ffa0         rw !x
eeprom           0x00810000         0x00010000         rw !x
fuse             0x00820000         0x00000003         rw !x
lock             0x00830000         0x00000400         rw !x
signature        0x00840000         0x00000400         rw !x
user_signatures  0x00850000         0x00000400         rw !x
*default*        0x00000000         0xffffffff

Linker script and memory map

Address of section .data set to 0x800100
LOAD C:/Program Files (x86)/Atmel/Studio/7.0/Packs/atmel/ATmega_DFP/1.2.150/gcc/dev/atmega324p/avr5/crtatmega324p.o
LOAD main.o
START GROUP
LOAD ../../../../../../CEENBOT-items\libcapi324v22x.a
LOAD c:/program files (x86)/atmel/studio/7.0/toolchain/avr8/avr8-gnu-toolchain/bin/../lib/gcc/avr/5.4.0/../../../../avr/lib/avr5\libprintf_flt.a
LOAD c:/program files (x86)/atmel/studio/7.0/toolchain/avr8/avr8-gnu-toolchain/bin/../lib/gcc/avr/5.4.0/../../../../avr/lib/avr5\libm.a
END GROUP
START GROUP
LOAD c:/program files (x86)/atmel/studio/7.0/toolchain/avr8/avr8-gnu-toolchain/bin/../lib/gcc/avr/5.4.0/avr5\libgcc.a
LOAD c:/program files (x86)/atmel/studio/7.0/toolchain/avr8/avr8-gnu-toolchain/bin/../lib/gcc/avr/5.4.0/../../../../avr/lib/avr5\libm.a
LOAD c:/program files (x86)/atmel/studio/7.0/toolchain/avr8/avr8-gnu-toolchain/bin/../lib/gcc/avr/5.4.0/../../../../avr/lib/avr5\libc.a
LOAD C:/Program Files (x86)/Atmel/Studio/7.0/Packs/atmel/ATmega_DFP/1.2.150/gcc/dev/atmega324p/avr5\libatmega324p.a
END GROUP
                0x00020000                __TEXT_REGION_LENGTH__ = DEFINED (__TEXT_REGION_LENGTH__)?__TEXT_REGION_LENGTH__:0x20000
                0x0000ffa0                __DATA_REGION_LENGTH__ = DEFINED (__DATA_REGION_LENGTH__)?__DATA_REGION_LENGTH__:0xffa0
                0x00010000                __EEPROM_REGION_LENGTH__ = DEFINED (__EEPROM_REGION_LENGTH__)?__EEPROM_REGION_LENGTH__:0x10000
                [0x00000003]                __FUSE_REGION_LENGTH__ = DEFINED (__FUSE_REGION_LENGTH__)?__FUSE_REGION_LENGTH__:0x400
                0x00000400                __LOCK_REGION_LENGTH__ = DEFINED (__LOCK_REGION_LENGTH__)?__LOCK_REGION_LENGTH__:0x400
                0x00000400                __SIGNATURE_REGION_LENGTH__ = DEFINED (__SIGNATURE_REGION_LENGTH__)?__SIGNATURE_REGION_LENGTH__:0x400
                0x00000400                __USER_SIGNATURE_REGION_LENGTH__ = DEFINED (__USER_SIGNATURE_REGION_LENGTH__)?__USER_SIGNATURE_REGION_LENGTH__:0x400

.hash
 *(.hash)

.dynsym
 *(.dynsym)

.dynstr
 *(.dynstr)

.gnu.version
 *(.gnu.version)

.gnu.version_d
 *(.gnu.version_d)

.gnu.version_r
 *(.gnu.version_r)

.rel.init
 *(.rel.init)

.rela.init
 *(.rela.init)

.rel.text
 *(.rel.text)
 *(.rel.text.*)
 *(.rel.gnu.linkonce.t*)

.rela.text
 *(.rela.text)
 *(.rela.text.*)
 *(.rela.gnu.linkonce.t*)

.rel.fini
 *(.rel.fini)

.rela.fini
 *(.rela.fini)

.rel.rodata
 *(.rel.rodata)
 *(.rel.rodata.*)
 *(.rel.gnu.linkonce.r*)

.rela.rodata
 *(.rela.rodata)
 *(.rela.rodata.*)
 *(.rela.gnu.linkonce.r*)

.rel.data
 *(.rel.data)
 *(.rel.data.*)
 *(.rel.gnu.linkonce.d*)

.rela.data
 *(.rela.data)
 *(.rela.data.*)
 *(.rela.gnu.linkonce.d*)

.rel.ctors
 *(.rel.ctors)

.rela.ctors
 *(.rela.ctors)

.rel.dtors
 *(.rel.dtors)

.rela.dtors
 *(.rela.dtors)

.rel.got
 *(.rel.got)

.rela.got
 *(.rela.got)

.rel.bss
 *(.rel.bss)

.rela.bss
 *(.rela.bss)

.rel.plt
 *(.rel.plt)

.rela.plt
 *(.rela.plt)

.text           0x00000000     0x437c
 *(.vectors)
 .vectors       0x00000000       0x7c C:/Program Files (x86)/Atmel/Studio/7.0/Packs/atmel/ATmega_DFP/1.2.150/gcc/dev/atmega324p/avr5/crtatmega324p.o
                0x00000000                __vector_default
                0x00000000                __vectors
 *(.vectors)
 *(.progmem.gcc*)
 .progmem.gcc_fplib
                0x0000007c       0x28 c:/program files (x86)/atmel/studio/7.0/toolchain/avr8/avr8-gnu-toolchain/bin/../lib/gcc/avr/5.4.0/../../../../avr/lib/avr5\libm.a(exp.o)
 .progmem.gcc_fplib
                0x000000a4       0x5a c:/program files (x86)/atmel/studio/7.0/toolchain/avr8/avr8-gnu-toolchain/bin/../lib/gcc/avr/5.4.0/../../../../avr/lib/avr5\libm.a(log.o)
                0x000000fe                . = ALIGN (0x2)
                0x000000fe                __trampolines_start = .
 *(.trampolines)
 .trampolines   0x000000fe        0x0 linker stubs
 *(.trampolines*)
                0x000000fe                __trampolines_end = .
 *libprintf_flt.a:*(.progmem.data)
 .progmem.data  0x000000fe        0x8 c:/program files (x86)/atmel/studio/7.0/toolchain/avr8/avr8-gnu-toolchain/bin/../lib/gcc/avr/5.4.0/../../../../avr/lib/avr5\libprintf_flt.a(vfprintf_flt.o)
 *libc.a:*(.progmem.data)
 .progmem.data  0x00000106       0xfa c:/program files (x86)/atmel/studio/7.0/toolchain/avr8/avr8-gnu-toolchain/bin/../lib/gcc/avr/5.4.0/../../../../avr/lib/avr5\libc.a(ftoa_engine.o)
 *(.progmem*)
 .progmem.data  0x00000200      0x415 ../../../../../../CEENBOT-items\libcapi324v22x.a(LCD_globals.o)
                0x00000200                char_bitmap
                0x00000415                CEENBoT_Inc_logo_bitmap
                0x00000616                . = ALIGN (0x2)
 *fill*         0x00000615        0x1 
 *(.jumptables)
 *(.jumptables*)
 *(.lowtext)
 *(.lowtext*)
                0x00000616                __ctors_start = .
 *(.ctors)
                0x00000616                __ctors_end = .
                0x00000616                __dtors_start = .
 *(.dtors)
                0x00000616                __dtors_end = .
 SORT(*)(.ctors)
 SORT(*)(.dtors)
 *(.init0)
 .init0         0x00000616        0x0 C:/Program Files (x86)/Atmel/Studio/7.0/Packs/atmel/ATmega_DFP/1.2.150/gcc/dev/atmega324p/avr5/crtatmega324p.o
                0x00000616                __init
 *(.init0)
 *(.init1)
 *(.init1)
 *(.init2)
 .init2         0x00000616        0xc C:/Program Files (x86)/Atmel/Studio/7.0/Packs/atmel/ATmega_DFP/1.2.150/gcc/dev/atmega324p/avr5/crtatmega324p.o
 *(.init2)
 *(.init3)
 *(.init3)
 *(.init4)
 .init4         0x00000622       0x16 c:/program files (x86)/atmel/studio/7.0/toolchain/avr8/avr8-gnu-toolchain/bin/../lib/gcc/avr/5.4.0/avr5\libgcc.a(_copy_data.o)
                0x00000622                __do_copy_data
 .init4         0x00000638       0x10 c:/program files (x86)/atmel/studio/7.0/toolchain/avr8/avr8-gnu-toolchain/bin/../lib/gcc/avr/5.4.0/avr5\libgcc.a(_clear_bss.o)
                0x00000638                __do_clear_bss
 *(.init4)
 *(.init5)
 *(.init5)
 *(.init6)
 *(.init6)
 *(.init7)
 *(.init7)
 *(.init8)
 *(.init8)
 *(.init9)
 .init9         0x00000648        0x8 C:/Program Files (x86)/Atmel/Studio/7.0/Packs/atmel/ATmega_DFP/1.2.150/gcc/dev/atmega324p/avr5/crtatmega324p.o
 *(.init9)
 *(.text)
 .text          0x00000650        0x4 C:/Program Files (x86)/Atmel/Studio/7.0/Packs/atmel/ATmega_DFP/1.2.150/gcc/dev/atmega324p/avr5/crtatmega324p.o
                0x00000650                __vector_22
                0x00000650                __vector_1
                0x00000650                __vector_24
                0x00000650                __bad_interrupt
                0x00000650                __vector_3
                0x00000650                __vector_23
                0x00000650                __vector_30
                0x00000650                __vector_25
                0x00000650                __vector_19
                0x00000650                __vector_27
                0x00000650                __vector_2
                0x00000650                __vector_21
                0x00000650                __vector_29
                0x00000650                __vector_8
                0x00000650                __vector_26
                0x00000650                __vector_20
 .text          0x00000654       0x12 ../../../../../../CEENBOT-items\libcapi324v22x.a(CBOT_main.o)
                0x00000654                main
 .text          0x00000666       0x44 ../../../../../../CEENBOT-items\libcapi324v22x.a(LCD_clear.o)
                0x00000666                LCD_clear
 .text          0x000006aa      0x10c ../../../../../../CEENBOT-items\libcapi324v22x.a(LCD_open.o)
                0x000006aa                LCD_open
 .text          0x000007b6       0x44 ../../../../../../CEENBOT-items\libcapi324v22x.a(LCD_set_PGC_addr.o)
                0x000007b6                LCD_set_PGC_addr
 .text          0x000007fa       0x2e ../../../../../../CEENBOT-items\libcapi324v22x.a(LCD_set_RC.o)
                0x000007fa                LCD_set_RC
 .text          0x00000828       0x42 ../../../../../../CEENBOT-items\libcapi324v22x.a(LCD_set_backlight.o)
                0x00000828                LCD_set_backlight
 .text          0x0000086a       0x24 ../../../../../../CEENBOT-items\libcapi324v22x.a(LCD_set_next_PGC.o)
                0x0000086a                LCD_set_next_PGC
 .text          0x0000088e       0x36 ../../../../../../CEENBOT-items\libcapi324v22x.a(LCD_write.o)
                0x0000088e                LCD_write
 .text          0x000008c4        0x4 ../../../../../../CEENBOT-items\libcapi324v22x.a(__LCD_init.o)
                0x000008c4                __LCD_init
 .text          0x000008c8       0x18 ../../../../../../CEENBOT-items\libcapi324v22x.a(LED_clr_pattern.o)
                0x000008c8                LED_clr_pattern
 .text          0x000008e0       0x16 ../../../../../../CEENBOT-items\libcapi324v22x.a(LED_open.o)
                0x000008e0                LED_open
 .text          0x000008f6       0x18 ../../../../../../CEENBOT-items\libcapi324v22x.a(LED_tog_pattern.o)
                0x000008f6                LED_tog_pattern
 .text          0x0000090e        0xa ../../../../../../CEENBOT-items\libcapi324v22x.a(__LED_clr_pattern.o)
                0x0000090e                __LED_clr_pattern
 .text          0x00000918       0x12 ../../../../../../CEENBOT-items\libcapi324v22x.a(__LED_init.o)
                0x00000918                __LED_init
 .text          0x0000092a       0x1c ../../../../../../CEENBOT-items\libcapi324v22x.a(__LED_tog_pattern.o)
                0x0000092a                __LED_tog_pattern
 .text          0x00000946       0x72 ../../../../../../CEENBOT-items\libcapi324v22x.a(SPI_open.o)
                0x00000946                SPI_open
 .text          0x000009b8       0x12 ../../../../../../CEENBOT-items\libcapi324v22x.a(SPI_set_config_func.o)
                0x000009b8                SPI_set_config_func
 .text          0x000009ca       0xa2 ../../../../../../CEENBOT-items\libcapi324v22x.a(SPI_set_slave_addr.o)
                0x000009ca                SPI_set_slave_addr
 .text          0x00000a6c       0x1e ../../../../../../CEENBOT-items\libcapi324v22x.a(SPI_transmit.o)
                0x00000a6c                SPI_transmit
 .text          0x00000a8a        0xe ../../../../../../CEENBOT-items\libcapi324v22x.a(__SPI_init.o)
                0x00000a8a                __SPI_init
 .text          0x00000a98       0xea ../../../../../../CEENBOT-items\libcapi324v22x.a(STEPPER_open.o)
                0x00000a98                STEPPER_open
 .text          0x00000b82       0x82 ../../../../../../CEENBOT-items\libcapi324v22x.a(STEPPER_runn.o)
                0x00000b82                STEPPER_runn
 .text          0x00000c04       0x3c ../../../../../../CEENBOT-items\libcapi324v22x.a(STEPPER_set_accel2.o)
                0x00000c04                STEPPER_set_accel2
 .text          0x00000c40       0x5a ../../../../../../CEENBOT-items\libcapi324v22x.a(STEPPER_set_speed.o)
                0x00000c40                STEPPER_set_speed
 .text          0x00000c9a       0x4a ../../../../../../CEENBOT-items\libcapi324v22x.a(STEPPER_stop.o)
                0x00000c9a                STEPPER_stop
 .text          0x00000ce4       0x14 ../../../../../../CEENBOT-items\libcapi324v22x.a(__STEPPER_init.o)
                0x00000ce4                __STEPPER_init
 .text          0x00000cf8       0x20 ../../../../../../CEENBOT-items\libcapi324v22x.a(SYS_decrement_refcount.o)
                0x00000cf8                SYS_decrement_refcount
 .text          0x00000d18       0x1a ../../../../../../CEENBOT-items\libcapi324v22x.a(SYS_increment_refcount.o)
                0x00000d18                SYS_increment_refcount
 .text          0x00000d32       0x18 ../../../../../../CEENBOT-items\libcapi324v22x.a(SYS_isOpen.o)
                0x00000d32                SYS_isOpen
 .text          0x00000d4a       0x6a ../../../../../../CEENBOT-items\libcapi324v22x.a(ATTINY_get_IR_state.o)
                0x00000d4a                ATTINY_get_IR_state
 .text          0x00000db4       0x62 ../../../../../../CEENBOT-items\libcapi324v22x.a(ATTINY_get_sensors.o)
                0x00000db4                ATTINY_get_sensors
 .text          0x00000e16       0x48 ../../../../../../CEENBOT-items\libcapi324v22x.a(ATTINY_open.o)
                0x00000e16                ATTINY_open
 .text          0x00000e5e       0x82 ../../../../../../CEENBOT-items\libcapi324v22x.a(__ATTINY_initialize_params.o)
                0x00000e5e                __ATTINY_initialize_params
 .text          0x00000ee0       0x5a ../../../../../../CEENBOT-items\libcapi324v22x.a(TMRSRVC_delay.o)
                0x00000ee0                TMRSRVC_delay
 .text          0x00000f3a       0x7c ../../../../../../CEENBOT-items\libcapi324v22x.a(TMRSRVC_new.o)
                0x00000f3a                TMRSRVC_new
 .text          0x00000fb6       0xd2 ../../../../../../CEENBOT-items\libcapi324v22x.a(__TMRSRVC_insert.o)
                0x00000fb6                TMRSRVC_insert
 .text          0x00001088       0x14 ../../../../../../CEENBOT-items\libcapi324v22x.a(PIXY_has_data.o)
                0x00001088                PIXY_has_data
 .text          0x0000109c       0x70 ../../../../../../CEENBOT-items\libcapi324v22x.a(PIXY_open.o)
                0x0000109c                PIXY_open
 .text          0x0000110c       0x10 ../../../../../../CEENBOT-items\libcapi324v22x.a(PIXY_process_finished.o)
                0x0000110c                PIXY_process_finished
 .text          0x0000111c       0x16 ../../../../../../CEENBOT-items\libcapi324v22x.a(PIXY_register_callback.o)
                0x0000111c                PIXY_register_callback
 .text          0x00001132       0x10 ../../../../../../CEENBOT-items\libcapi324v22x.a(PIXY_track_start.o)
                0x00001132                PIXY_track_start
 .text          0x00001142       0x5c ../../../../../../CEENBOT-items\libcapi324v22x.a(__PIXY_can_sync.o)
                0x00001142                __PIXY_can_sync
 .text          0x0000119e        0x2 ../../../../../../CEENBOT-items\libcapi324v22x.a(__PIXY_init.o)
                0x0000119e                __PIXY_init
 .text          0x000011a0       0x26 ../../../../../../CEENBOT-items\libcapi324v22x.a(__PIXY_initialize_params.o)
                0x000011a0                __PIXY_initialize_params
 .text          0x000011c6       0x1c ../../../../../../CEENBOT-items\libcapi324v22x.a(CBOT_init.o)
                0x000011c6                CBOT_init
 .text          0x000011e2      0x480 ../../../../../../CEENBOT-items\libcapi324v22x.a(CBOT_isr.o)
                0x000011e2                CBOT_ISR_init
                0x000011e6                __vector_16
                0x00001238                __vector_17
                0x0000128a                __vector_18
                0x000012dc                __vector_9
                0x0000132e                __vector_10
                0x00001380                __vector_11
                0x000013d2                __vector_13
                0x00001424                __vector_14
                0x00001476                __vector_12
                0x000014c8                __vector_15
                0x0000151a                __vector_4
                0x0000156c                __vector_5
                0x000015be                __vector_6
                0x00001610                __vector_7
 .text          0x00001662       0x22 ../../../../../../CEENBOT-items\libcapi324v22x.a(ISR_open.o)
                0x00001662                ISR_open
 .text          0x00001684      0x15a ../../../../../../CEENBOT-items\libcapi324v22x.a(__LCD_putchar.o)
                0x00001684                __LCD_putchar
 .text          0x000017de       0x10 ../../../../../../CEENBOT-items\libcapi324v22x.a(ATMEGA_open.o)
                0x000017de                ATMEGA_open
 .text          0x000017ee       0xa6 ../../../../../../CEENBOT-items\libcapi324v22x.a(ATMEGA_set_clk_mode.o)
                0x000017ee                ATMEGA_set_clk_mode
 .text          0x00001894        0x6 ../../../../../../CEENBOT-items\libcapi324v22x.a(__ATMEGA_init.o)
                0x00001894                __ATMEGA_init
 .text          0x0000189a       0x52 ../../../../../../CEENBOT-items\libcapi324v22x.a(SPI_cfgrs.o)
                0x0000189a                SPI_default_config
                0x000018aa                SPI_ATtiny0_config
                0x000018ba                SPI_PSXC_config
                0x000018ca                SPI_LCD_config
                0x000018da                SPI_FLASH_config
 .text          0x000018ec       0x20 ../../../../../../CEENBOT-items\libcapi324v22x.a(SPI_receive.o)
                0x000018ec                SPI_receive
 .text          0x0000190c       0x64 ../../../../../../CEENBOT-items\libcapi324v22x.a(SPKR_close.o)
                0x0000190c                __SPKR_close_beep_mode
                0x00001922                __SPKR_close_tone_mode
                0x0000195c                SPKR_close
 .text          0x00001970      0x136 ../../../../../../CEENBOT-items\libcapi324v22x.a(SPKR_open.o)
                0x00001970                __SPKR_set_up_freq_LUT
                0x00001a0e                __SPKR_open_beep_mode
                0x00001a32                __SPKR_open_tone_mode
                0x00001a8e                SPKR_open
 .text          0x00001aa6       0xac ../../../../../../CEENBOT-items\libcapi324v22x.a(SPKR_play_beep.o)
                0x00001aa6                SPKR_play_beep
 .text          0x00001b52       0x38 ../../../../../../CEENBOT-items\libcapi324v22x.a(__SPKR_close.o)
                0x00001b52                __SPKR_close
 .text          0x00001b8a       0x54 ../../../../../../CEENBOT-items\libcapi324v22x.a(__SPKR_init.o)
                0x00001b8a                __SPKR_init
 .text          0x00001bde        0xc ../../../../../../CEENBOT-items\libcapi324v22x.a(__SPKR_stop.o)
                0x00001bde                __SPKR_stop
 .text          0x00001bea       0x36 ../../../../../../CEENBOT-items\libcapi324v22x.a(STEPPER_set_steps.o)
                0x00001bea                STEPPER_set_steps
 .text          0x00001c20       0x1e ../../../../../../CEENBOT-items\libcapi324v22x.a(SYS_init.o)
                0x00001c20                SYS_init
 .text          0x00001c3e       0x10 ../../../../../../CEENBOT-items\libcapi324v22x.a(SYS_set_refcount.o)
                0x00001c3e                SYS_set_refcount
 .text          0x00001c4e       0x7a ../../../../../../CEENBOT-items\libcapi324v22x.a(ATTINY_get_firm_rev.o)
                0x00001c4e                ATTINY_get_firm_rev
 .text          0x00001cc8       0x38 ../../../../../../CEENBOT-items\libcapi324v22x.a(TMRSRVC_open.o)
                0x00001cc8                TMRSRVC_open
 .text          0x00001d00        0x8 ../../../../../../CEENBOT-items\libcapi324v22x.a(TMRSRVC_start.o)
                0x00001d00                TMRSRVC_start
 .text          0x00001d08       0x12 ../../../../../../CEENBOT-items\libcapi324v22x.a(__TMRSRVC_init.o)
                0x00001d08                __TMRSRVC_init
 .text          0x00001d1a        0xc ../../../../../../CEENBOT-items\libcapi324v22x.a(__TMRSRVC_start.o)
                0x00001d1a                __TMRSRVC_start
 .text          0x00001d26      0x1f8 ../../../../../../CEENBOT-items\libcapi324v22x.a(UART_configure.o)
                0x00001df0                UART_configure
 .text          0x00001f1e       0x22 ../../../../../../CEENBOT-items\libcapi324v22x.a(UART_enable_RX_interrupt.o)
                0x00001f1e                UART_enable_RX_interrupt
 .text          0x00001f40       0x74 ../../../../../../CEENBOT-items\libcapi324v22x.a(UART_open.o)
                0x00001f40                UART_open
 .text          0x00001fb4       0xa8 ../../../../../../CEENBOT-items\libcapi324v22x.a(UART_receive.o)
                0x00001fb4                UART_receive
 .text          0x0000205c       0x8e ../../../../../../CEENBOT-items\libcapi324v22x.a(UART_set_RX_state.o)
                0x0000205c                UART_set_RX_state
 .text          0x000020ea       0x32 ../../../../../../CEENBOT-items\libcapi324v22x.a(UART_set_timeout.o)
                0x000020ea                UART_set_timeout
 .text          0x0000211c       0x1a ../../../../../../CEENBOT-items\libcapi324v22x.a(__UART_init.o)
                0x0000211c                __UART_init
 .text          0x00002136       0x7c ../../../../../../CEENBOT-items\libcapi324v22x.a(PIXY_UART_isr.o)
                0x00002136                __PIXY_provide_UART1_isr
                0x0000213a                __vector_28
 .text          0x000021b2       0x8c ../../../../../../CEENBOT-items\libcapi324v22x.a(__PIXY_uart_receive_ISR.o)
                0x000021b2                __PIXY_uart_receive_ISR
 .text          0x0000223e       0x28 ../../../../../../CEENBOT-items\libcapi324v22x.a(ISR_attach.o)
                0x0000223e                ISR_attach
 .text          0x00002266       0x22 ../../../../../../CEENBOT-items\libcapi324v22x.a(__ISR_attach.o)
                0x00002266                __ISR_attach
 .text          0x00002288        0x6 ../../../../../../CEENBOT-items\libcapi324v22x.a(ISR__SPKR__TIMER1_COMPA_vect.o)
                0x00002288                __SPKR_TIMER1_COMPA_vect
 .text          0x0000228e       0x48 ../../../../../../CEENBOT-items\libcapi324v22x.a(SPKR_beep.o)
                0x0000228e                SPKR_beep
 .text          0x000022d6       0x82 ../../../../../../CEENBOT-items\libcapi324v22x.a(SPKR_clk.o)
                0x000022d6                SPKR_clk
 .text          0x00002358        0xe ../../../../../../CEENBOT-items\libcapi324v22x.a(ISR__TIMER0_COMPA_vect.o)
                0x00002358                __TIMER0_COMPA_vect
 .text          0x00002366       0x32 ../../../../../../CEENBOT-items\libcapi324v22x.a(TMRSRVC_tick.o)
                0x00002366                TMRSRVC_tick
 .text          0x00002398       0x22 ../../../../../../CEENBOT-items\libcapi324v22x.a(UART_disable_RX_interrupt.o)
                0x00002398                UART_disable_RX_interrupt
 .text          0x000023ba       0xfe ../../../../../../CEENBOT-items\libcapi324v22x.a(__PIXY_parse_buffer_and_issue_callbacks.o)
                0x000023ba                __PIXY_parse_buffer_and_issue_callbacks
 .text          0x000024b8        0xa ../../../../../../CEENBOT-items\libcapi324v22x.a(__PIXY_prepare_buffer.o)
                0x000024b8                __PIXY_prepare_buffer
 .text          0x000024c2       0x4e ../../../../../../CEENBOT-items\libcapi324v22x.a(SPKR_beep_clk.o)
                0x000024c2                SPKR_beep_clk
 .text          0x00002510      0x162 ../../../../../../CEENBOT-items\libcapi324v22x.a(STEPPER_clk.o)
                0x00002510                STEPPER_clk
 .text          0x00002672       0x8a ../../../../../../CEENBOT-items\libcapi324v22x.a(STEPPER_process_accel.o)
                0x00002672                STEPPER_process_accel
 .text          0x000026fc      0x206 ../../../../../../CEENBOT-items\libcapi324v22x.a(STEPPER_process_run_mode.o)
                0x000026fc                STEPPER_process_run_mode
 .text          0x00002902       0xa8 ../../../../../../CEENBOT-items\libcapi324v22x.a(STEPPER_process_step_mode.o)
                0x00002902                STEPPER_process_step_mode
 .text          0x000029aa       0xd6 ../../../../../../CEENBOT-items\libcapi324v22x.a(TMRSRVC_process.o)
                0x000029aa                TMRSRVC_process
 .text          0x00002a80        0x6 ../../../../../../CEENBOT-items\libcapi324v22x.a(TMRSRVC_stop.o)
                0x00002a80                TMRSRVC_stop
 .text          0x00002a86      0x130 ../../../../../../CEENBOT-items\libcapi324v22x.a(STEPPER_process_pwm.o)
                0x00002a86                STEPPER_process_pwm
                0x00002bb6                . = ALIGN (0x2)
 *(.text.*)
 .text.info_display
                0x00002bb6       0x64 main.o
                0x00002bb6                info_display
 .text.compare_actions
                0x00002c1a       0x5a main.o
                0x00002c1a                compare_actions
 .text.IR_sense
                0x00002c74       0x4c main.o
                0x00002c74                IR_sense
 .text.pixy_process
                0x00002cc0       0xbc main.o
                0x00002cc0                pixy_process
 .text.act      0x00002d7c       0x40 main.o
                0x00002d7c                act
 .text.CBOT_main
                0x00002dbc       0xa6 main.o
                0x00002dbc                CBOT_main
 .text.avr-libc
                0x00002e62      0x6fa c:/program files (x86)/atmel/studio/7.0/toolchain/avr8/avr8-gnu-toolchain/bin/../lib/gcc/avr/5.4.0/../../../../avr/lib/avr5\libprintf_flt.a(vfprintf_flt.o)
                0x00002e62                vfprintf
 .text.avr-libc.fplib
                0x0000355c        0x8 c:/program files (x86)/atmel/studio/7.0/toolchain/avr8/avr8-gnu-toolchain/bin/../lib/gcc/avr/5.4.0/../../../../avr/lib/avr5\libm.a(divsf3.o)
                0x0000355c                __divsf3
 .text.avr-libc.fplib
                0x00003564       0xdc c:/program files (x86)/atmel/studio/7.0/toolchain/avr8/avr8-gnu-toolchain/bin/../lib/gcc/avr/5.4.0/../../../../avr/lib/avr5\libm.a(divsf3x.o)
                0x00003584                __divsf3x
                0x0000358a                __divsf3_pse
 .text.avr-libc.fplib
                0x00003640       0x7a c:/program files (x86)/atmel/studio/7.0/toolchain/avr8/avr8-gnu-toolchain/bin/../lib/gcc/avr/5.4.0/../../../../avr/lib/avr5\libm.a(floatsisf.o)
                0x00003640                __floatunsisf
                0x00003644                __floatsisf
 .text.avr-libc.fplib
                0x000036ba        0xc c:/program files (x86)/atmel/studio/7.0/toolchain/avr8/avr8-gnu-toolchain/bin/../lib/gcc/avr/5.4.0/../../../../avr/lib/avr5\libm.a(fp_inf.o)
                0x000036ba                __fp_inf
 .text.avr-libc.fplib
                0x000036c6        0x6 c:/program files (x86)/atmel/studio/7.0/toolchain/avr8/avr8-gnu-toolchain/bin/../lib/gcc/avr/5.4.0/../../../../avr/lib/avr5\libm.a(fp_nan.o)
                0x000036c6                __fp_nan
 .text.avr-libc.fplib
                0x000036cc        0xe c:/program files (x86)/atmel/studio/7.0/toolchain/avr8/avr8-gnu-toolchain/bin/../lib/gcc/avr/5.4.0/../../../../avr/lib/avr5\libm.a(fp_pscA.o)
                0x000036cc                __fp_pscA
 .text.avr-libc.fplib
                0x000036da        0xe c:/program files (x86)/atmel/studio/7.0/toolchain/avr8/avr8-gnu-toolchain/bin/../lib/gcc/avr/5.4.0/../../../../avr/lib/avr5\libm.a(fp_pscB.o)
                0x000036da                __fp_pscB
 .text.avr-libc.fplib
                0x000036e8       0x22 c:/program files (x86)/atmel/studio/7.0/toolchain/avr8/avr8-gnu-toolchain/bin/../lib/gcc/avr/5.4.0/../../../../avr/lib/avr5\libm.a(fp_round.o)
                0x000036e8                __fp_round
 .text.avr-libc.fplib
                0x0000370a       0x44 c:/program files (x86)/atmel/studio/7.0/toolchain/avr8/avr8-gnu-toolchain/bin/../lib/gcc/avr/5.4.0/../../../../avr/lib/avr5\libm.a(fp_split3.o)
                0x0000370a                __fp_split3
                0x0000371a                __fp_splitA
 .text.avr-libc.fplib
                0x0000374e        0xe c:/program files (x86)/atmel/studio/7.0/toolchain/avr8/avr8-gnu-toolchain/bin/../lib/gcc/avr/5.4.0/../../../../avr/lib/avr5\libm.a(fp_zero.o)
                0x0000374e                __fp_zero
                0x00003750                __fp_szero
 .text.avr-libc.fplib
                0x0000375c       0x7a c:/program files (x86)/atmel/studio/7.0/toolchain/avr8/avr8-gnu-toolchain/bin/../lib/gcc/avr/5.4.0/../../../../avr/lib/avr5\libm.a(lrint.o)
                0x0000375c                lrint
 .text.avr-libc.fplib
                0x000037d6        0x8 c:/program files (x86)/atmel/studio/7.0/toolchain/avr8/avr8-gnu-toolchain/bin/../lib/gcc/avr/5.4.0/../../../../avr/lib/avr5\libm.a(mulsf3.o)
                0x000037d6                __mulsf3
 .text.avr-libc.fplib
                0x000037de       0xd2 c:/program files (x86)/atmel/studio/7.0/toolchain/avr8/avr8-gnu-toolchain/bin/../lib/gcc/avr/5.4.0/../../../../avr/lib/avr5\libm.a(mulsf3x.o)
                0x000037fc                __mulsf3x
                0x00003802                __mulsf3_pse
 .text.avr-libc.fplib
                0x000038b0       0xa0 c:/program files (x86)/atmel/studio/7.0/toolchain/avr8/avr8-gnu-toolchain/bin/../lib/gcc/avr/5.4.0/../../../../avr/lib/avr5\libm.a(pow.o)
                0x000038b0                pow
 .text.avr-libc.fplib
                0x00003950       0x74 c:/program files (x86)/atmel/studio/7.0/toolchain/avr8/avr8-gnu-toolchain/bin/../lib/gcc/avr/5.4.0/../../../../avr/lib/avr5\libm.a(exp.o)
                0x00003960                exp
 .text.avr-libc.fplib
                0x000039c4       0x4e c:/program files (x86)/atmel/studio/7.0/toolchain/avr8/avr8-gnu-toolchain/bin/../lib/gcc/avr/5.4.0/../../../../avr/lib/avr5\libm.a(fp_powser.o)
                0x000039c4                __fp_powser
 .text.avr-libc.fplib
                0x00003a12       0x10 c:/program files (x86)/atmel/studio/7.0/toolchain/avr8/avr8-gnu-toolchain/bin/../lib/gcc/avr/5.4.0/../../../../avr/lib/avr5\libm.a(inverse.o)
                0x00003a12                inverse
 .text.avr-libc.fplib
                0x00003a22       0x74 c:/program files (x86)/atmel/studio/7.0/toolchain/avr8/avr8-gnu-toolchain/bin/../lib/gcc/avr/5.4.0/../../../../avr/lib/avr5\libm.a(ldexp.o)
                0x00003a2a                ldexp
 .text.avr-libc.fplib
                0x00003a96       0xa0 c:/program files (x86)/atmel/studio/7.0/toolchain/avr8/avr8-gnu-toolchain/bin/../lib/gcc/avr/5.4.0/../../../../avr/lib/avr5\libm.a(log.o)
                0x00003aa6                log
 .text.avr-libc.fplib
                0x00003b36       0x68 c:/program files (x86)/atmel/studio/7.0/toolchain/avr8/avr8-gnu-toolchain/bin/../lib/gcc/avr/5.4.0/../../../../avr/lib/avr5\libm.a(modf.o)
                0x00003b36                modf
                0x00003b36                modff
 .text.avr-libc.fplib
                0x00003b9e        0xe c:/program files (x86)/atmel/studio/7.0/toolchain/avr8/avr8-gnu-toolchain/bin/../lib/gcc/avr/5.4.0/../../../../avr/lib/avr5\libm.a(addsf3.o)
                0x00003b9e                __subsf3
                0x00003ba0                __addsf3
 .text.avr-libc.fplib
                0x00003bac       0xcc c:/program files (x86)/atmel/studio/7.0/toolchain/avr8/avr8-gnu-toolchain/bin/../lib/gcc/avr/5.4.0/../../../../avr/lib/avr5\libm.a(addsf3x.o)
                0x00003bce                __addsf3x
 .text.avr-libc.fplib
                0x00003c78       0x1c c:/program files (x86)/atmel/studio/7.0/toolchain/avr8/avr8-gnu-toolchain/bin/../lib/gcc/avr/5.4.0/../../../../avr/lib/avr5\libm.a(fp_mpack.o)
                0x00003c78                __fp_mpack
                0x00003c7c                __fp_mpack_finite
 .text.libgcc.mul
                0x00003c94       0x20 c:/program files (x86)/atmel/studio/7.0/toolchain/avr8/avr8-gnu-toolchain/bin/../lib/gcc/avr/5.4.0/avr5\libgcc.a(_mulsi3.o)
                0x00003c94                __mulsi3
 .text.libgcc.div
                0x00003cb4       0x44 c:/program files (x86)/atmel/studio/7.0/toolchain/avr8/avr8-gnu-toolchain/bin/../lib/gcc/avr/5.4.0/avr5\libgcc.a(_udivmodsi4.o)
                0x00003cb4                __udivmodsi4
 .text.libgcc.mul
                0x00003cf8       0x16 c:/program files (x86)/atmel/studio/7.0/toolchain/avr8/avr8-gnu-toolchain/bin/../lib/gcc/avr/5.4.0/avr5\libgcc.a(_muluhisi3.o)
                0x00003cf8                __muluhisi3
 .text.libgcc.prologue
                0x00003d0e       0x38 c:/program files (x86)/atmel/studio/7.0/toolchain/avr8/avr8-gnu-toolchain/bin/../lib/gcc/avr/5.4.0/avr5\libgcc.a(_prologue.o)
                0x00003d0e                __prologue_saves__
 .text.libgcc.prologue
                0x00003d46       0x36 c:/program files (x86)/atmel/studio/7.0/toolchain/avr8/avr8-gnu-toolchain/bin/../lib/gcc/avr/5.4.0/avr5\libgcc.a(_epilogue.o)
                0x00003d46                __epilogue_restores__
 .text.libgcc.mul
                0x00003d7c       0x1e c:/program files (x86)/atmel/studio/7.0/toolchain/avr8/avr8-gnu-toolchain/bin/../lib/gcc/avr/5.4.0/avr5\libgcc.a(_umulhisi3.o)
                0x00003d7c                __umulhisi3
 .text.avr-libc
                0x00003d9a      0x242 c:/program files (x86)/atmel/studio/7.0/toolchain/avr8/avr8-gnu-toolchain/bin/../lib/gcc/avr/5.4.0/../../../../avr/lib/avr5\libc.a(malloc.o)
                0x00003d9a                malloc
                0x00003eca                free
 .text.avr-libc
                0x00003fdc      0x1b0 c:/program files (x86)/atmel/studio/7.0/toolchain/avr8/avr8-gnu-toolchain/bin/../lib/gcc/avr/5.4.0/../../../../avr/lib/avr5\libc.a(ftoa_engine.o)
                0x00003fdc                __ftoa_engine
 .text.avr-libc
                0x0000418c       0x16 c:/program files (x86)/atmel/studio/7.0/toolchain/avr8/avr8-gnu-toolchain/bin/../lib/gcc/avr/5.4.0/../../../../avr/lib/avr5\libc.a(strnlen_P.o)
                0x0000418c                strnlen_P
 .text.avr-libc
                0x000041a2       0x16 c:/program files (x86)/atmel/studio/7.0/toolchain/avr8/avr8-gnu-toolchain/bin/../lib/gcc/avr/5.4.0/../../../../avr/lib/avr5\libc.a(strnlen.o)
                0x000041a2                strnlen
 .text.avr-libc
                0x000041b8       0x78 c:/program files (x86)/atmel/studio/7.0/toolchain/avr8/avr8-gnu-toolchain/bin/../lib/gcc/avr/5.4.0/../../../../avr/lib/avr5\libc.a(fputc.o)
                0x000041b8                fputc
 .text.avr-libc
                0x00004230       0x2c c:/program files (x86)/atmel/studio/7.0/toolchain/avr8/avr8-gnu-toolchain/bin/../lib/gcc/avr/5.4.0/../../../../avr/lib/avr5\libc.a(printf.o)
                0x00004230                printf
 .text.avr-libc
                0x0000425c       0x60 c:/program files (x86)/atmel/studio/7.0/toolchain/avr8/avr8-gnu-toolchain/bin/../lib/gcc/avr/5.4.0/../../../../avr/lib/avr5\libc.a(puts.o)
                0x0000425c                puts
 .text.avr-libc
                0x000042bc       0xbc c:/program files (x86)/atmel/studio/7.0/toolchain/avr8/avr8-gnu-toolchain/bin/../lib/gcc/avr/5.4.0/../../../../avr/lib/avr5\libc.a(ultoa_invert.o)
                0x000042bc                __ultoa_invert
                0x00004378                . = ALIGN (0x2)
 *(.fini9)
 .fini9         0x00004378        0x0 c:/program files (x86)/atmel/studio/7.0/toolchain/avr8/avr8-gnu-toolchain/bin/../lib/gcc/avr/5.4.0/avr5\libgcc.a(_exit.o)
                0x00004378                _exit
                0x00004378                exit
 *(.fini9)
 *(.fini8)
 *(.fini8)
 *(.fini7)
 *(.fini7)
 *(.fini6)
 *(.fini6)
 *(.fini5)
 *(.fini5)
 *(.fini4)
 *(.fini4)
 *(.fini3)
 *(.fini3)
 *(.fini2)
 *(.fini2)
 *(.fini1)
 *(.fini1)
 *(.fini0)
 .fini0         0x00004378        0x4 c:/program files (x86)/atmel/studio/7.0/toolchain/avr8/avr8-gnu-toolchain/bin/../lib/gcc/avr/5.4.0/avr5\libgcc.a(_exit.o)
 *(.fini0)
                0x0000437c                _etext = .

.data           0x00800100       0xd4 load address 0x0000437c
                0x00800100                PROVIDE (__data_start, .)
 *(.data)
 .data          0x00800100        0x4 ../../../../../../CEENBOT-items\libcapi324v22x.a(ATTINY_get_IR_state.o)
 .data          0x00800104        0xe ../../../../../../CEENBOT-items\libcapi324v22x.a(LCD_globals.o)
                0x00800104                LCD_stdout
 .data          0x00800112        0x8 ../../../../../../CEENBOT-items\libcapi324v22x.a(STEPPER_globals.o)
                0x00800112                Motor_L_LUT
                0x00800116                Motor_R_LUT
 .data          0x0080011a        0x6 c:/program files (x86)/atmel/studio/7.0/toolchain/avr8/avr8-gnu-toolchain/bin/../lib/gcc/avr/5.4.0/../../../../avr/lib/avr5\libc.a(malloc.o)
                0x0080011a                __malloc_heap_end
                0x0080011c                __malloc_heap_start
                0x0080011e                __malloc_margin
 *(.data*)
 *(.gnu.linkonce.d*)
 *(.rodata)
 *(.rodata*)
 .rodata.str1.1
                0x00800120       0xb3 main.o
 *(.gnu.linkonce.r*)
                0x008001d4                . = ALIGN (0x2)
 *fill*         0x008001d3        0x1 
                0x008001d4                _edata = .
                0x008001d4                PROVIDE (__data_end, .)

.bss            0x008001d4      0x152
                0x008001d4                PROVIDE (__bss_start, .)
 *(.bss)
 .bss           0x008001d4        0xb ../../../../../../CEENBOT-items\libcapi324v22x.a(ATTINY_get_IR_state.o)
 .bss           0x008001df       0x40 ../../../../../../CEENBOT-items\libcapi324v22x.a(ISR_globals.o)
                0x008001df                CBOT_ISR_vtable
 .bss           0x0080021f       0x10 ../../../../../../CEENBOT-items\libcapi324v22x.a(SPI_globals.o)
                0x0080021f                spi_config_func_LUT
 .bss           0x0080022f       0x10 ../../../../../../CEENBOT-items\libcapi324v22x.a(SPKR_globals.o)
                0x0080022f                tone_mode_active
                0x00800230                beep_mode_active
                0x00800231                spkr_accum32
                0x00800235                spkr_freq
                0x00800239                beep_accum16
                0x0080023b                beep_freq
                0x0080023d                p_Freq_LUT
 .bss           0x0080023f        0x2 ../../../../../../CEENBOT-items\libcapi324v22x.a(TMRSRVC_globals.o)
                0x0080023f                timer_busy_status
                0x00800240                timer_run_status
 .bss           0x00800241        0x1 ../../../../../../CEENBOT-items\libcapi324v22x.a(STEPPER_process_run_mode.o)
 .bss           0x00800242        0x4 ../../../../../../CEENBOT-items\libcapi324v22x.a(STEPPER_process_pwm.o)
 *(.bss*)
 .bss.previous_action.3787
                0x00800246        0x9 main.o
 .bss.sense_timer.3768
                0x0080024f        0x9 main.o
 .bss.timer_started.3767
                0x00800258        0x1 main.o
 .bss.previous_state.3748
                0x00800259        0x1 main.o
 *(COMMON)
 COMMON         0x0080025a       0x18 main.o
                0x0080025a                sensor_data
                0x00800269                action
 COMMON         0x00800272       0x15 ../../../../../../CEENBOT-items\libcapi324v22x.a(SYS_globals.o)
                0x00800272                CBOT_SYSTEM_refcount
 COMMON         0x00800287        0x5 ../../../../../../CEENBOT-items\libcapi324v22x.a(LCD_globals.o)
                0x00800287                LCD_params
 COMMON         0x0080028c        0x1 ../../../../../../CEENBOT-items\libcapi324v22x.a(SPI_globals.o)
                0x0080028c                curr_spi_addr
 COMMON         0x0080028d       0x39 ../../../../../../CEENBOT-items\libcapi324v22x.a(STEPPER_globals.o)
                0x0080028d                STEPPER_params
                0x008002c4                step_done
 COMMON         0x008002c6       0x1e ../../../../../../CEENBOT-items\libcapi324v22x.a(ATTINY_globals.o)
                0x008002c6                ATTINY_params
 COMMON         0x008002e4        0x3 ../../../../../../CEENBOT-items\libcapi324v22x.a(TMRSRVC_globals.o)
                0x008002e4                tmrNodes
 COMMON         0x008002e7       0x1c ../../../../../../CEENBOT-items\libcapi324v22x.a(UART_globals.o)
                0x008002e7                UART1_timeout_timer
                0x008002f0                UART0_timeout_timer
                0x008002f9                UART_params
 COMMON         0x00800303       0x19 ../../../../../../CEENBOT-items\libcapi324v22x.a(PIXY_globals.o)
                0x00800303                __pixy_data_buf
                0x00800313                PIXY_params
 COMMON         0x0080031c        0x4 c:/program files (x86)/atmel/studio/7.0/toolchain/avr8/avr8-gnu-toolchain/bin/../lib/gcc/avr/5.4.0/../../../../avr/lib/avr5\libc.a(malloc.o)
                0x0080031c                __brkval
                0x0080031e                __flp
 COMMON         0x00800320        0x6 c:/program files (x86)/atmel/studio/7.0/toolchain/avr8/avr8-gnu-toolchain/bin/../lib/gcc/avr/5.4.0/../../../../avr/lib/avr5\libc.a(iob.o)
                0x00800320                __iob
                0x00800326                PROVIDE (__bss_end, .)
                0x0000437c                __data_load_start = LOADADDR (.data)
                0x00004450                __data_load_end = (__data_load_start + SIZEOF (.data))

.noinit         0x00800326        0x0
                [!provide]                PROVIDE (__noinit_start, .)
 *(.noinit*)
                [!provide]                PROVIDE (__noinit_end, .)
                0x00800326                _end = .
                0x00800326                PROVIDE (__heap_start, .)

.eeprom         0x00810000        0x0
 *(.eeprom*)
                0x00810000                __eeprom_end = .

.fuse
 *(.fuse)
 *(.lfuse)
 *(.hfuse)
 *(.efuse)

.lock
 *(.lock*)

.signature
 *(.signature*)

.user_signatures
 *(.user_signatures*)

.stab
 *(.stab)

.stabstr
 *(.stabstr)

.stab.excl
 *(.stab.excl)

.stab.exclstr
 *(.stab.exclstr)

.stab.index
 *(.stab.index)

.stab.indexstr
 *(.stab.indexstr)

.comment        0x00000000       0x5c
 *(.comment)
 .comment       0x00000000       0x30 main.o
                                 0x31 (size before relaxing)
 .comment       0x00000030       0x2c c:/program files (x86)/atmel/studio/7.0/toolchain/avr8/avr8-gnu-toolchain/bin/../lib/gcc/avr/5.4.0/../../../../avr/lib/avr5\libprintf_flt.a(vfprintf_flt.o)
                                 0x2d (size before relaxing)
 .comment       0x0000005c       0x31 c:/program files (x86)/atmel/studio/7.0/toolchain/avr8/avr8-gnu-toolchain/bin/../lib/gcc/avr/5.4.0/../../../../avr/lib/avr5\libc.a(malloc.o)
 .comment       0x0000005c       0x31 c:/program files (x86)/atmel/studio/7.0/toolchain/avr8/avr8-gnu-toolchain/bin/../lib/gcc/avr/5.4.0/../../../../avr/lib/avr5\libc.a(fputc.o)
 .comment       0x0000005c       0x31 c:/program files (x86)/atmel/studio/7.0/toolchain/avr8/avr8-gnu-toolchain/bin/../lib/gcc/avr/5.4.0/../../../../avr/lib/avr5\libc.a(iob.o)
 .comment       0x0000005c       0x31 c:/program files (x86)/atmel/studio/7.0/toolchain/avr8/avr8-gnu-toolchain/bin/../lib/gcc/avr/5.4.0/../../../../avr/lib/avr5\libc.a(printf.o)
 .comment       0x0000005c       0x31 c:/program files (x86)/atmel/studio/7.0/toolchain/avr8/avr8-gnu-toolchain/bin/../lib/gcc/avr/5.4.0/../../../../avr/lib/avr5\libc.a(puts.o)

.note.gnu.avr.deviceinfo
                0x00000000       0x40
 .note.gnu.avr.deviceinfo
                0x00000000       0x40 C:/Program Files (x86)/Atmel/Studio/7.0/Packs/atmel/ATmega_DFP/1.2.150/gcc/dev/atmega324p/avr5/crtatmega324p.o

.note.gnu.build-id
 *(.note.gnu.build-id)

.debug
 *(.debug)

.line
 *(.line)

.debug_srcinfo
 *(.debug_srcinfo)

.debug_sfnames
 *(.debug_sfnames)

.debug_aranges
 *(.debug_aranges)

.debug_pubnames
 *(.debug_pubnames)

.debug_info     0x00000000      0x6cc
 *(.debug_info .gnu.linkonce.wi.*)
 .debug_info    0x00000000      0x6cc C:/Program Files (x86)/Atmel/Studio/7.0/Packs/atmel/ATmega_DFP/1.2.150/gcc/dev/atmega324p/avr5/crtatmega324p.o

.debug_abbrev   0x00000000      0x66e
 *(.debug_abbrev)
 .debug_abbrev  0x00000000      0x66e C:/Program Files (x86)/Atmel/Studio/7.0/Packs/atmel/ATmega_DFP/1.2.150/gcc/dev/atmega324p/avr5/crtatmega324p.o

.debug_line     0x00000000      0x151
 *(.debug_line .debug_line.* .debug_line_end)
 .debug_line    0x00000000      0x151 C:/Program Files (x86)/Atmel/Studio/7.0/Packs/atmel/ATmega_DFP/1.2.150/gcc/dev/atmega324p/avr5/crtatmega324p.o

.debug_frame
 *(.debug_frame)

.debug_str      0x00000000      0x255
 *(.debug_str)
 .debug_str     0x00000000      0x255 C:/Program Files (x86)/Atmel/Studio/7.0/Packs/atmel/ATmega_DFP/1.2.150/gcc/dev/atmega324p/avr5/crtatmega324p.o

.debug_loc
 *(.debug_loc)

.debug_macinfo
 *(.debug_macinfo)

.debug_weaknames
 *(.debug_weaknames)

.debug_funcnames
 *(.debug_funcnames)

.debug_typenames
 *(.debug_typenames)

.debug_varnames
 *(.debug_varnames)

.debug_pubtypes
 *(.debug_pubtypes)

.debug_ranges
 *(.debug_ranges)

.debug_macro
 *(.debug_macro)
OUTPUT(Lab 9.elf elf32-avr)
LOAD linker stubs
